{"asctime": "2026-02-16 21:26:54,439", "levelname": "INFO", "name": "inference", "message": "inference_event", "region": "yogyakarta", "model_version": "v1", "latency_ms": 104.4952, "request_id": "TEST-12345", "predicted_price": 1800253.26}
{"asctime": "2026-02-16 21:26:54,439", "levelname": "INFO", "name": "inference", "message": "RequestID=TEST-12345 | Method=POST | Path=/predict/yogyakarta | Latency=126.73 ms | Status=200"}
{"asctime": "2026-02-16 21:27:33,091", "levelname": "INFO", "name": "inference", "message": "RequestID=TEST-12345 | Method=POST | Path=/predict/yogyakarta | Latency=2.25 ms | Status=422"}
{"asctime": "2026-02-16 21:40:22,886", "levelname": "INFO", "name": "inference", "message": "RequestID=f780b381-cdb6-413e-ab77-cec24e74d83a | Method=GET | Path=//prediction-monitor/yogyakarta | Latency=0.76 ms | Status=404"}
{"asctime": "2026-02-16 21:50:02,503", "levelname": "INFO", "name": "inference", "message": "RequestID=546160a2-a7a1-445f-986b-1a8ca2dc1bb3 | Method=GET | Path=/docs | Latency=1.44 ms | Status=200"}
{"asctime": "2026-02-16 21:50:02,702", "levelname": "INFO", "name": "inference", "message": "RequestID=ded945a4-1c07-4637-8c94-5284fc2d9720 | Method=GET | Path=/openapi.json | Latency=57.63 ms | Status=200"}
{"asctime": "2026-02-16 21:50:19,118", "levelname": "INFO", "name": "inference", "message": "RequestID=06aeb7ae-1a79-4974-82cd-4ddbc72093f6 | Method=GET | Path=/prediction-monitor/jakarta_pusat | Latency=20.30 ms | Status=200"}
{"asctime": "2026-02-16 21:50:51,142", "levelname": "INFO", "name": "inference", "message": "inference_event", "region": "jakarta_pusat", "model_version": "v1", "latency_ms": 164.5215, "request_id": "75d01698-9de7-4a00-bf9e-1ba383d87eba", "predicted_price": 1419628.58}
{"asctime": "2026-02-16 21:50:51,150", "levelname": "INFO", "name": "inference", "message": "RequestID=75d01698-9de7-4a00-bf9e-1ba383d87eba | Method=POST | Path=/predict/jakarta_pusat | Latency=177.24 ms | Status=200"}
{"asctime": "2026-02-16 21:51:07,658", "levelname": "INFO", "name": "inference", "message": "RequestID=b2220f47-08c5-478f-bc93-1ca8c222469d | Method=GET | Path=/prediction-monitor/jakarta_pusat | Latency=1.90 ms | Status=200"}
{"asctime": "2026-02-17 08:57:23,182", "levelname": "INFO", "name": "inference", "message": "RequestID=e8f1c327-203a-4f81-9d01-b015690ad40a | Method=GET | Path=/ | Latency=0.56 ms | Status=404"}
{"asctime": "2026-02-17 08:57:26,547", "levelname": "INFO", "name": "inference", "message": "RequestID=c894084d-6c2d-4351-a750-c2fcd0236459 | Method=GET | Path=/docs | Latency=0.42 ms | Status=200"}
{"asctime": "2026-02-17 08:57:26,674", "levelname": "INFO", "name": "inference", "message": "RequestID=257318f2-216c-4d35-81d9-8306f81bc1f8 | Method=GET | Path=/openapi.json | Latency=48.59 ms | Status=200"}
{"asctime": "2026-02-17 08:57:50,077", "levelname": "INFO", "name": "inference", "message": "RequestID=ce8a9842-159a-49c2-8c9e-4032ab8985e8 | Method=GET | Path=//prediction-monitor/yogyakarta | Latency=0.49 ms | Status=404"}
{"asctime": "2026-02-17 08:57:56,385", "levelname": "INFO", "name": "inference", "message": "RequestID=de7af38d-df04-46e3-904b-f3c6eacb7625 | Method=GET | Path=//predict/yogyakarta | Latency=0.53 ms | Status=404"}
{"asctime": "2026-02-17 08:58:02,198", "levelname": "INFO", "name": "inference", "message": "RequestID=4c5d669d-5fa8-473c-9da0-55b57ace68be | Method=GET | Path=/predict/yogyakarta | Latency=0.36 ms | Status=405"}
{"asctime": "2026-02-17 08:58:16,932", "levelname": "INFO", "name": "inference", "message": "RequestID=TEST-12345 | Method=POST | Path=/predict/yogyakarta | Latency=18.54 ms | Status=422"}
{"asctime": "2026-02-17 08:58:23,406", "levelname": "INFO", "name": "inference", "message": "inference_event", "region": "yogyakarta", "model_version": "v1", "latency_ms": 85.8916, "request_id": "TEST-12345", "predicted_price": 1814721.93}
{"asctime": "2026-02-17 08:58:23,408", "levelname": "INFO", "name": "inference", "message": "RequestID=TEST-12345 | Method=POST | Path=/predict/yogyakarta | Latency=93.61 ms | Status=200"}
{"asctime": "2026-02-17 08:59:37,802", "levelname": "INFO", "name": "inference", "message": "RequestID=5176dc4f-3979-4399-89cf-c49d8697925c | Method=GET | Path=/docs | Latency=0.42 ms | Status=200"}
{"asctime": "2026-02-17 08:59:37,868", "levelname": "INFO", "name": "inference", "message": "RequestID=757b0cd6-f4c8-4ea1-b285-0e27e7ed2768 | Method=GET | Path=/openapi.json | Latency=0.66 ms | Status=200"}
{"asctime": "2026-02-17 08:59:41,082", "levelname": "INFO", "name": "inference", "message": "RequestID=369e38a0-a23d-423b-b443-9bf56dddfbe4 | Method=GET | Path=/health | Latency=2.12 ms | Status=200"}
{"asctime": "2026-02-17 08:59:50,786", "levelname": "INFO", "name": "inference", "message": "RequestID=65e1faa8-d1f1-430d-b88e-9d7667e931f9 | Method=GET | Path=/predict | Latency=0.36 ms | Status=404"}
{"asctime": "2026-02-17 09:27:59,596", "levelname": "INFO", "name": "inference", "message": "RequestID=83c3bb3e-8a37-4923-8103-9304a8bebcd8 | Method=GET | Path=/docs | Latency=0.36 ms | Status=200"}
{"asctime": "2026-02-17 09:27:59,661", "levelname": "INFO", "name": "inference", "message": "RequestID=fa826c29-a1e4-4322-bfe2-79815cf1a820 | Method=GET | Path=/openapi.json | Latency=0.62 ms | Status=200"}
{"asctime": "2026-02-17 09:28:23,126", "levelname": "INFO", "name": "inference", "message": "inference_event", "region": "jakarta_pusat", "model_version": "v1", "latency_ms": 67.4894, "request_id": "579013c1-419e-4ede-a1d0-f45fd77065b8", "predicted_price": 2352878.8}
{"asctime": "2026-02-17 09:28:23,128", "levelname": "INFO", "name": "inference", "message": "RequestID=579013c1-419e-4ede-a1d0-f45fd77065b8 | Method=POST | Path=/predict/jakarta_pusat | Latency=70.85 ms | Status=200"}
{"asctime": "2026-02-17 09:28:36,265", "levelname": "INFO", "name": "inference", "message": "inference_event", "region": "yogyakarta", "model_version": "v1", "latency_ms": 62.7851, "request_id": "62722bcc-b584-42ad-b45c-e12ae8924827", "predicted_price": 1184761.43}
{"asctime": "2026-02-17 09:28:36,268", "levelname": "INFO", "name": "inference", "message": "RequestID=62722bcc-b584-42ad-b45c-e12ae8924827 | Method=POST | Path=/predict/yogyakarta | Latency=70.66 ms | Status=200"}
{"asctime": "2026-02-17 09:28:44,706", "levelname": "INFO", "name": "inference", "message": "RequestID=979d5c95-4ebc-4ead-bf5f-17786e09581f | Method=GET | Path=/metrics | Latency=3.41 ms | Status=200"}
{"asctime": "2026-02-17 09:29:06,266", "levelname": "INFO", "name": "inference", "message": "inference_event", "region": "jakarta_utara", "model_version": "v1", "latency_ms": 18.0362, "request_id": "fb9d95ec-7085-4c21-8bc6-806bb55033b3", "predicted_price": 1799850.73}
{"asctime": "2026-02-17 09:29:06,267", "levelname": "INFO", "name": "inference", "message": "RequestID=fb9d95ec-7085-4c21-8bc6-806bb55033b3 | Method=POST | Path=/predict/jakarta_utara | Latency=21.14 ms | Status=200"}
{"asctime": "2026-02-17 09:29:14,854", "levelname": "INFO", "name": "inference", "message": "RequestID=91260ed0-5e3c-4f5b-9853-ae56677a6179 | Method=GET | Path=/metrics | Latency=1.31 ms | Status=200"}
{"asctime": "2026-02-17 09:30:30,204", "levelname": "INFO", "name": "inference", "message": "RequestID=54dedc79-6b12-4259-9f27-52c94fbddf72 | Method=GET | Path=/anomaly-monitor/yogyakarta | Latency=2.62 ms | Status=200"}
{"asctime": "2026-02-17 10:56:06,606", "levelname": "INFO", "name": "inference", "message": "RequestID=7237ea0f-c14f-48a9-aea6-fc46855e9a0d | Method=GET | Path=/ | Latency=0.70 ms | Status=404"}
{"asctime": "2026-02-17 10:56:32,535", "levelname": "INFO", "name": "inference", "message": "RequestID=3bcaa970-9b34-43a1-93d9-1218055c1a76 | Method=GET | Path=/docs | Latency=0.37 ms | Status=200"}
{"asctime": "2026-02-17 10:56:32,651", "levelname": "INFO", "name": "inference", "message": "RequestID=445ab651-451f-4e45-a80d-49b09ce66792 | Method=GET | Path=/openapi.json | Latency=49.34 ms | Status=200"}
{"asctime": "2026-02-17 10:56:56,833", "levelname": "INFO", "name": "inference", "message": "inference_event", "region": "jakarta_pusat", "model_version": "v1", "request_id": "56f33516-e434-458f-b890-46b7a2cd0cd9", "predicted_price": 2240037.93}
{"asctime": "2026-02-17 10:56:56,836", "levelname": "INFO", "name": "inference", "message": "RequestID=56f33516-e434-458f-b890-46b7a2cd0cd9 | Method=POST | Path=/predict/jakarta_pusat | Latency=94.45 ms | Status=200"}
{"asctime": "2026-02-17 10:57:05,846", "levelname": "INFO", "name": "inference", "message": "inference_event", "region": "jakarta_selatan", "model_version": "v1", "request_id": "ca3e412a-e71f-4d5d-bb1b-da090025322d", "predicted_price": 3034615.05}
{"asctime": "2026-02-17 10:57:05,849", "levelname": "INFO", "name": "inference", "message": "RequestID=ca3e412a-e71f-4d5d-bb1b-da090025322d | Method=POST | Path=/predict/jakarta_selatan | Latency=34.26 ms | Status=200"}
{"asctime": "2026-02-17 10:57:13,052", "levelname": "INFO", "name": "inference", "message": "inference_event", "region": "jakarta_utara", "model_version": "v1", "request_id": "1fa732ba-5e24-4122-8d2f-6ec3f513ae97", "predicted_price": 1700673.86}
{"asctime": "2026-02-17 10:57:13,054", "levelname": "INFO", "name": "inference", "message": "RequestID=1fa732ba-5e24-4122-8d2f-6ec3f513ae97 | Method=POST | Path=/predict/jakarta_utara | Latency=18.09 ms | Status=200"}
{"asctime": "2026-02-17 10:57:18,255", "levelname": "INFO", "name": "inference", "message": "inference_event", "region": "yogyakarta", "model_version": "v1", "request_id": "eed7f904-1492-4252-a62b-17b6dad7d749", "predicted_price": 1298725.2}
{"asctime": "2026-02-17 10:57:18,257", "levelname": "INFO", "name": "inference", "message": "RequestID=eed7f904-1492-4252-a62b-17b6dad7d749 | Method=POST | Path=/predict/yogyakarta | Latency=51.79 ms | Status=200"}
{"asctime": "2026-02-17 10:57:24,509", "levelname": "INFO", "name": "inference", "message": "inference_event", "region": "yogyakarta", "model_version": "v1", "request_id": "00f9ddd5-ebac-4a46-9441-2f693108a7a4", "predicted_price": 1293910.17}
{"asctime": "2026-02-17 10:57:24,511", "levelname": "INFO", "name": "inference", "message": "RequestID=00f9ddd5-ebac-4a46-9441-2f693108a7a4 | Method=POST | Path=/predict/yogyakarta | Latency=57.55 ms | Status=200"}
{"asctime": "2026-02-17 10:57:33,511", "levelname": "INFO", "name": "inference", "message": "inference_event", "region": "yogyakarta", "model_version": "v1", "request_id": "3efe2d80-237b-4359-866d-9124ab05e8e1", "predicted_price": 1286429.01}
{"asctime": "2026-02-17 10:57:33,513", "levelname": "INFO", "name": "inference", "message": "RequestID=3efe2d80-237b-4359-866d-9124ab05e8e1 | Method=POST | Path=/predict/yogyakarta | Latency=65.38 ms | Status=200"}
{"asctime": "2026-02-17 10:57:43,851", "levelname": "INFO", "name": "inference", "message": "inference_event", "region": "yogyakarta", "model_version": "v1", "request_id": "5cba6afa-fc8b-4e35-97ca-919cf5ae1bc3", "predicted_price": 1318821.04}
{"asctime": "2026-02-17 10:57:43,853", "levelname": "INFO", "name": "inference", "message": "RequestID=5cba6afa-fc8b-4e35-97ca-919cf5ae1bc3 | Method=POST | Path=/predict/yogyakarta | Latency=71.40 ms | Status=200"}
{"asctime": "2026-02-17 10:58:01,655", "levelname": "INFO", "name": "inference", "message": "RequestID=42e693fb-21ee-4568-854f-6d9f85765d5c | Method=GET | Path=/metrics | Latency=5.37 ms | Status=200"}
{"asctime": "2026-02-17 10:59:18,767", "levelname": "INFO", "name": "inference", "message": "RequestID=523412d7-48c2-4429-808d-521a91093b94 | Method=POST | Path=/predict/yogyakarta | Latency=5.64 ms | Status=422"}
{"asctime": "2026-02-17 10:59:24,125", "levelname": "INFO", "name": "inference", "message": "RequestID=cab0e5eb-d970-49ef-8cc6-39dfce18869d | Method=GET | Path=/metrics | Latency=2.76 ms | Status=200"}
{"asctime": "2026-02-17 11:02:12,875", "levelname": "INFO", "name": "inference", "message": "RequestID=e049f30e-fdce-4b8d-8395-26f14803fc85 | Method=GET | Path=/metrics | Latency=2.50 ms | Status=200"}
{"asctime": "2026-02-17 11:02:27,875", "levelname": "INFO", "name": "inference", "message": "RequestID=da976131-c2e9-4703-95d7-aaf53188afef | Method=GET | Path=/metrics | Latency=2.90 ms | Status=200"}
{"asctime": "2026-02-17 11:02:42,871", "levelname": "INFO", "name": "inference", "message": "RequestID=242be67f-b22b-403d-aa89-cb88868934f3 | Method=GET | Path=/metrics | Latency=2.36 ms | Status=200"}
{"asctime": "2026-02-17 11:02:57,875", "levelname": "INFO", "name": "inference", "message": "RequestID=bc969858-5ec4-4547-9231-58869dbed005 | Method=GET | Path=/metrics | Latency=2.43 ms | Status=200"}
{"asctime": "2026-02-17 11:03:12,890", "levelname": "INFO", "name": "inference", "message": "RequestID=155b6fde-0d79-4191-9510-37832a8b5375 | Method=GET | Path=/metrics | Latency=2.76 ms | Status=200"}
{"asctime": "2026-02-17 11:03:27,870", "levelname": "INFO", "name": "inference", "message": "RequestID=84cfba09-4fc4-48be-9dd5-33e38a861679 | Method=GET | Path=/metrics | Latency=2.39 ms | Status=200"}
{"asctime": "2026-02-17 11:03:42,880", "levelname": "INFO", "name": "inference", "message": "RequestID=e32e6eb7-9371-4e8b-b317-564c7857f079 | Method=GET | Path=/metrics | Latency=2.49 ms | Status=200"}
{"asctime": "2026-02-17 11:03:57,870", "levelname": "INFO", "name": "inference", "message": "RequestID=a60ab256-b0ff-4163-bed8-d45d2c00de0d | Method=GET | Path=/metrics | Latency=3.52 ms | Status=200"}
{"asctime": "2026-02-17 11:04:12,872", "levelname": "INFO", "name": "inference", "message": "RequestID=463cff8b-5949-41aa-950b-cfd5d10217fa | Method=GET | Path=/metrics | Latency=2.84 ms | Status=200"}
{"asctime": "2026-02-17 11:04:27,872", "levelname": "INFO", "name": "inference", "message": "RequestID=775de146-101f-4a92-b5a8-3c92e7c27563 | Method=GET | Path=/metrics | Latency=2.79 ms | Status=200"}
{"asctime": "2026-02-17 11:04:42,872", "levelname": "INFO", "name": "inference", "message": "RequestID=c3ee8059-d794-4b55-854e-5bc1be2ab255 | Method=GET | Path=/metrics | Latency=2.72 ms | Status=200"}
{"asctime": "2026-02-17 11:04:57,868", "levelname": "INFO", "name": "inference", "message": "RequestID=9ba9bba1-3ccf-4a77-b682-43b0ad81bda2 | Method=GET | Path=/metrics | Latency=2.59 ms | Status=200"}
{"asctime": "2026-02-17 11:09:12,880", "levelname": "INFO", "name": "inference", "message": "RequestID=0135c697-bcba-4431-ba09-01725a5a474d | Method=GET | Path=/metrics | Latency=2.37 ms | Status=200"}
{"asctime": "2026-02-17 11:09:27,872", "levelname": "INFO", "name": "inference", "message": "RequestID=9b9d4bdd-0dad-474e-a2ea-1d4e41868af0 | Method=GET | Path=/metrics | Latency=2.50 ms | Status=200"}
{"asctime": "2026-02-17 11:09:42,867", "levelname": "INFO", "name": "inference", "message": "RequestID=e9da8734-c238-4da5-a2b1-3c48bfa6b705 | Method=GET | Path=/metrics | Latency=1.47 ms | Status=200"}
{"asctime": "2026-02-17 11:09:57,870", "levelname": "INFO", "name": "inference", "message": "RequestID=f64b94a9-25b2-458d-b20e-8d586d6f9626 | Method=GET | Path=/metrics | Latency=2.55 ms | Status=200"}
{"asctime": "2026-02-17 11:10:12,875", "levelname": "INFO", "name": "inference", "message": "RequestID=bcca08b9-25ad-4e38-9258-fb437b697392 | Method=GET | Path=/metrics | Latency=3.19 ms | Status=200"}
{"asctime": "2026-02-17 11:10:27,871", "levelname": "INFO", "name": "inference", "message": "RequestID=75afe258-f476-4bdd-a4f7-3ad1e3c1bd68 | Method=GET | Path=/metrics | Latency=2.34 ms | Status=200"}
{"asctime": "2026-02-17 11:10:42,897", "levelname": "INFO", "name": "inference", "message": "RequestID=26fd2792-410c-44e6-80db-57352dbb46bb | Method=GET | Path=/metrics | Latency=7.04 ms | Status=200"}
{"asctime": "2026-02-17 11:10:57,879", "levelname": "INFO", "name": "inference", "message": "RequestID=39c4b044-85dc-445c-ac41-4fc687016a31 | Method=GET | Path=/metrics | Latency=4.51 ms | Status=200"}
{"asctime": "2026-02-17 11:11:12,878", "levelname": "INFO", "name": "inference", "message": "RequestID=3e3c3ce8-32cc-406d-b6b8-80776790b7d0 | Method=GET | Path=/metrics | Latency=5.77 ms | Status=200"}
{"asctime": "2026-02-17 11:11:27,872", "levelname": "INFO", "name": "inference", "message": "RequestID=230616f4-e97d-4e19-947d-18e3851cd1bb | Method=GET | Path=/metrics | Latency=3.23 ms | Status=200"}
{"asctime": "2026-02-17 11:11:42,875", "levelname": "INFO", "name": "inference", "message": "RequestID=8b97af31-0299-4cf9-9e6e-432807a0f5b8 | Method=GET | Path=/metrics | Latency=4.40 ms | Status=200"}
{"asctime": "2026-02-17 11:11:57,876", "levelname": "INFO", "name": "inference", "message": "RequestID=7c2ef679-6883-4fed-9bb7-7c2d6b2d996e | Method=GET | Path=/metrics | Latency=2.75 ms | Status=200"}
{"asctime": "2026-02-17 11:12:12,875", "levelname": "INFO", "name": "inference", "message": "RequestID=0ea230ae-f416-400e-801f-682b18de465e | Method=GET | Path=/metrics | Latency=2.81 ms | Status=200"}
{"asctime": "2026-02-17 11:12:27,880", "levelname": "INFO", "name": "inference", "message": "RequestID=39d831cc-f879-449a-8e7e-d945620b65b4 | Method=GET | Path=/metrics | Latency=4.03 ms | Status=200"}
{"asctime": "2026-02-17 11:12:42,874", "levelname": "INFO", "name": "inference", "message": "RequestID=45f5d5a6-e5ac-4e20-8d21-72ae5a04a2fe | Method=GET | Path=/metrics | Latency=4.57 ms | Status=200"}
{"asctime": "2026-02-17 11:12:57,875", "levelname": "INFO", "name": "inference", "message": "RequestID=9fc5805a-4e70-4c87-8222-3adc31b58740 | Method=GET | Path=/metrics | Latency=2.33 ms | Status=200"}
{"asctime": "2026-02-17 11:13:12,877", "levelname": "INFO", "name": "inference", "message": "RequestID=158b6aed-4769-4c14-9c5d-91261f1f5f33 | Method=GET | Path=/metrics | Latency=2.70 ms | Status=200"}
{"asctime": "2026-02-17 11:13:27,873", "levelname": "INFO", "name": "inference", "message": "RequestID=6676accd-b77a-43a2-a629-3ead7b084227 | Method=GET | Path=/metrics | Latency=2.36 ms | Status=200"}
{"asctime": "2026-02-17 11:13:42,868", "levelname": "INFO", "name": "inference", "message": "RequestID=321ec07d-4845-497d-8464-c61e1c4cc92e | Method=GET | Path=/metrics | Latency=2.37 ms | Status=200"}
{"asctime": "2026-02-17 11:13:57,874", "levelname": "INFO", "name": "inference", "message": "RequestID=b6c54351-820a-436a-ab9d-118c6c9dd184 | Method=GET | Path=/metrics | Latency=2.85 ms | Status=200"}
{"asctime": "2026-02-17 11:14:12,872", "levelname": "INFO", "name": "inference", "message": "RequestID=9eb725e1-0ca5-42aa-84d2-4baac8ca0574 | Method=GET | Path=/metrics | Latency=2.86 ms | Status=200"}
{"asctime": "2026-02-17 11:14:27,874", "levelname": "INFO", "name": "inference", "message": "RequestID=6cd07f50-076d-43e5-85c9-89477afff5dc | Method=GET | Path=/metrics | Latency=3.23 ms | Status=200"}
{"asctime": "2026-02-17 11:14:42,879", "levelname": "INFO", "name": "inference", "message": "RequestID=a5935795-be1a-4641-9a5d-a1b452fdaf79 | Method=GET | Path=/metrics | Latency=2.82 ms | Status=200"}
{"asctime": "2026-02-17 11:14:57,875", "levelname": "INFO", "name": "inference", "message": "RequestID=17284d07-befa-4e9a-afef-0886a6cb6d5e | Method=GET | Path=/metrics | Latency=4.21 ms | Status=200"}
{"asctime": "2026-02-17 11:15:12,869", "levelname": "INFO", "name": "inference", "message": "RequestID=53c8c918-2e78-4bb2-8d8a-a11e51b61d14 | Method=GET | Path=/metrics | Latency=2.59 ms | Status=200"}
{"asctime": "2026-02-17 11:15:27,875", "levelname": "INFO", "name": "inference", "message": "RequestID=8268b910-e84d-4dbd-9b09-170fab7c4245 | Method=GET | Path=/metrics | Latency=2.67 ms | Status=200"}
{"asctime": "2026-02-17 11:15:42,872", "levelname": "INFO", "name": "inference", "message": "RequestID=2385e2ef-f23d-4082-b751-aaf6cd31d4e1 | Method=GET | Path=/metrics | Latency=2.46 ms | Status=200"}
{"asctime": "2026-02-17 11:15:57,881", "levelname": "INFO", "name": "inference", "message": "RequestID=8b529be9-02ff-4b90-b246-663a9376e50e | Method=GET | Path=/metrics | Latency=7.80 ms | Status=200"}
{"asctime": "2026-02-17 11:16:12,876", "levelname": "INFO", "name": "inference", "message": "RequestID=83a660cd-3d29-4800-8b15-f796c55ccf5d | Method=GET | Path=/metrics | Latency=3.09 ms | Status=200"}
{"asctime": "2026-02-17 11:16:27,877", "levelname": "INFO", "name": "inference", "message": "RequestID=bde734f9-082c-4f51-9f51-d8f8e2076cf1 | Method=GET | Path=/metrics | Latency=2.46 ms | Status=200"}
{"asctime": "2026-02-17 11:16:42,875", "levelname": "INFO", "name": "inference", "message": "RequestID=e62dc225-5e83-4594-88c1-4c5db7187a57 | Method=GET | Path=/metrics | Latency=2.59 ms | Status=200"}
{"asctime": "2026-02-17 11:16:57,875", "levelname": "INFO", "name": "inference", "message": "RequestID=9f3700c9-9158-4da3-b225-b39c8d560640 | Method=GET | Path=/metrics | Latency=2.57 ms | Status=200"}
{"asctime": "2026-02-17 11:17:12,880", "levelname": "INFO", "name": "inference", "message": "RequestID=5c562760-d301-42a4-bd19-552696673003 | Method=GET | Path=/metrics | Latency=3.82 ms | Status=200"}
{"asctime": "2026-02-17 11:17:27,899", "levelname": "INFO", "name": "inference", "message": "RequestID=bfa9e81e-911f-4983-923b-d00641590de1 | Method=GET | Path=/metrics | Latency=8.25 ms | Status=200"}
{"asctime": "2026-02-17 11:17:42,871", "levelname": "INFO", "name": "inference", "message": "RequestID=dad5b387-6527-4d13-897c-dcbbd075f910 | Method=GET | Path=/metrics | Latency=1.78 ms | Status=200"}
{"asctime": "2026-02-17 11:19:04,034", "levelname": "INFO", "name": "inference", "message": "RequestID=6472039c-fa0e-434a-837f-2de45d857d5b | Method=GET | Path=/ | Latency=1.15 ms | Status=404"}
{"asctime": "2026-02-17 11:19:04,097", "levelname": "INFO", "name": "inference", "message": "RequestID=bdc1b7b4-1037-4f20-ace9-42ff9cbf9056 | Method=GET | Path=/favicon.ico | Latency=0.62 ms | Status=404"}
{"asctime": "2026-02-17 11:19:07,269", "levelname": "INFO", "name": "inference", "message": "RequestID=b136e87b-d505-436f-b03c-09c835d4bf4f | Method=GET | Path=/docs | Latency=0.38 ms | Status=200"}
{"asctime": "2026-02-17 11:19:07,376", "levelname": "INFO", "name": "inference", "message": "RequestID=19f54580-88c3-4510-993f-45bd03578e0f | Method=GET | Path=/openapi.json | Latency=35.54 ms | Status=200"}
{"asctime": "2026-02-17 11:19:30,349", "levelname": "INFO", "name": "inference", "message": "inference_event", "region": "jakarta_utara", "model_version": "v1", "request_id": "1c05def5-74e7-4245-8fc5-17b77b6c0e80", "predicted_price": 2362989.9}
{"asctime": "2026-02-17 11:19:30,350", "levelname": "INFO", "name": "inference", "message": "RequestID=1c05def5-74e7-4245-8fc5-17b77b6c0e80 | Method=POST | Path=/predict/jakarta_utara | Latency=22.97 ms | Status=200"}
{"asctime": "2026-02-17 11:19:40,106", "levelname": "INFO", "name": "inference", "message": "inference_event", "region": "jakarta_selatan", "model_version": "v1", "request_id": "d6732550-42d0-4976-b0d9-730752b83f0c", "predicted_price": 2896613.3}
{"asctime": "2026-02-17 11:19:40,108", "levelname": "INFO", "name": "inference", "message": "RequestID=d6732550-42d0-4976-b0d9-730752b83f0c | Method=POST | Path=/predict/jakarta_selatan | Latency=44.54 ms | Status=200"}
{"asctime": "2026-02-17 11:19:45,568", "levelname": "INFO", "name": "inference", "message": "inference_event", "region": "yogyakarta", "model_version": "v1", "request_id": "605340eb-c592-4f7f-81fd-fbde64a18a59", "predicted_price": 1766297.13}
{"asctime": "2026-02-17 11:19:45,571", "levelname": "INFO", "name": "inference", "message": "RequestID=605340eb-c592-4f7f-81fd-fbde64a18a59 | Method=POST | Path=/predict/yogyakarta | Latency=48.91 ms | Status=200"}
{"asctime": "2026-02-17 11:19:50,729", "levelname": "INFO", "name": "inference", "message": "inference_event", "region": "yogyakarta", "model_version": "v1", "request_id": "0565070c-6850-41d6-a4f8-615eac1ce888", "predicted_price": 1330843.71}
{"asctime": "2026-02-17 11:19:50,732", "levelname": "INFO", "name": "inference", "message": "RequestID=0565070c-6850-41d6-a4f8-615eac1ce888 | Method=POST | Path=/predict/yogyakarta | Latency=54.42 ms | Status=200"}
{"asctime": "2026-02-17 11:19:58,771", "levelname": "INFO", "name": "inference", "message": "RequestID=b2cf5846-444b-46a4-b7ad-474ece9c475e | Method=POST | Path=/predict/yogyakarta | Latency=1.22 ms | Status=422"}
{"asctime": "2026-02-17 11:21:16,373", "levelname": "INFO", "name": "inference", "message": "RequestID=ec22acba-ee43-47b2-a961-7b95c19e3d4a | Method=GET | Path=/metrics | Latency=4.76 ms | Status=200"}
{"asctime": "2026-02-17 11:21:31,378", "levelname": "INFO", "name": "inference", "message": "RequestID=566da6c3-397f-48c5-9123-7929772abcd7 | Method=GET | Path=/metrics | Latency=2.27 ms | Status=200"}
{"asctime": "2026-02-17 11:21:46,373", "levelname": "INFO", "name": "inference", "message": "RequestID=17dce197-e026-4295-b1f3-d8885d0023a6 | Method=GET | Path=/metrics | Latency=2.08 ms | Status=200"}
{"asctime": "2026-02-17 11:22:01,378", "levelname": "INFO", "name": "inference", "message": "RequestID=2cfcb09b-675c-4a5b-9812-b13c46592225 | Method=GET | Path=/metrics | Latency=1.96 ms | Status=200"}
{"asctime": "2026-02-17 11:22:16,374", "levelname": "INFO", "name": "inference", "message": "RequestID=3d91b6de-b9d8-4800-a7f2-6023570790cc | Method=GET | Path=/metrics | Latency=2.22 ms | Status=200"}
{"asctime": "2026-02-17 11:22:31,375", "levelname": "INFO", "name": "inference", "message": "RequestID=e992308f-238d-40b9-b2f4-c88a690ddfe6 | Method=GET | Path=/metrics | Latency=2.51 ms | Status=200"}
{"asctime": "2026-02-17 11:22:46,374", "levelname": "INFO", "name": "inference", "message": "RequestID=12f26da8-d408-4b4d-b626-a22a9ec47fb0 | Method=GET | Path=/metrics | Latency=2.30 ms | Status=200"}
{"asctime": "2026-02-17 11:23:01,374", "levelname": "INFO", "name": "inference", "message": "RequestID=67cd09e9-20bb-441a-9691-bb2ad0a1f414 | Method=GET | Path=/metrics | Latency=2.01 ms | Status=200"}
{"asctime": "2026-02-17 11:23:16,374", "levelname": "INFO", "name": "inference", "message": "RequestID=1586d2a7-d629-4710-87bd-1f8f08908161 | Method=GET | Path=/metrics | Latency=1.95 ms | Status=200"}
{"asctime": "2026-02-17 11:23:31,373", "levelname": "INFO", "name": "inference", "message": "RequestID=28aabaa5-b70d-4b0e-8c99-cd210e06e9c5 | Method=GET | Path=/metrics | Latency=2.46 ms | Status=200"}
{"asctime": "2026-02-17 11:23:46,378", "levelname": "INFO", "name": "inference", "message": "RequestID=7c17daa7-0bbf-4da1-8b5d-48190f54c1ea | Method=GET | Path=/metrics | Latency=1.97 ms | Status=200"}
{"asctime": "2026-02-17 11:24:01,372", "levelname": "INFO", "name": "inference", "message": "RequestID=adc5ca86-04b7-406b-a943-587b9d7ef9fc | Method=GET | Path=/metrics | Latency=2.17 ms | Status=200"}
{"asctime": "2026-02-17 11:24:16,373", "levelname": "INFO", "name": "inference", "message": "RequestID=717d430d-ee4d-448b-813e-2c883203d3d1 | Method=GET | Path=/metrics | Latency=2.10 ms | Status=200"}
{"asctime": "2026-02-17 11:24:31,375", "levelname": "INFO", "name": "inference", "message": "RequestID=66596d16-3879-415c-866e-f9267ce1c769 | Method=GET | Path=/metrics | Latency=2.48 ms | Status=200"}
{"asctime": "2026-02-17 11:24:46,385", "levelname": "INFO", "name": "inference", "message": "RequestID=7c39f564-5cbe-4c08-a55e-dfe7edaa9484 | Method=GET | Path=/metrics | Latency=3.21 ms | Status=200"}
{"asctime": "2026-02-17 11:25:01,379", "levelname": "INFO", "name": "inference", "message": "RequestID=43fbd4f8-ccca-4f47-a092-69c6ad7ebd1f | Method=GET | Path=/metrics | Latency=2.52 ms | Status=200"}
{"asctime": "2026-02-17 11:25:16,374", "levelname": "INFO", "name": "inference", "message": "RequestID=43714f26-7d49-481d-a724-847a4b487892 | Method=GET | Path=/metrics | Latency=2.68 ms | Status=200"}
{"asctime": "2026-02-17 11:25:31,383", "levelname": "INFO", "name": "inference", "message": "RequestID=8f60f646-2a85-49bb-81de-13e5f7d0448c | Method=GET | Path=/metrics | Latency=4.39 ms | Status=200"}
{"asctime": "2026-02-17 11:25:46,389", "levelname": "INFO", "name": "inference", "message": "RequestID=e013825d-3e7d-4e82-992d-4af8bcda4e49 | Method=GET | Path=/metrics | Latency=5.96 ms | Status=200"}
{"asctime": "2026-02-17 11:26:01,377", "levelname": "INFO", "name": "inference", "message": "RequestID=c6bac447-cc55-460b-ae0c-361c3d5e6eca | Method=GET | Path=/metrics | Latency=3.79 ms | Status=200"}
{"asctime": "2026-02-17 11:26:16,375", "levelname": "INFO", "name": "inference", "message": "RequestID=c47c273a-d9c8-45c6-8e82-2e30f58e5614 | Method=GET | Path=/metrics | Latency=4.20 ms | Status=200"}
{"asctime": "2026-02-17 11:26:31,372", "levelname": "INFO", "name": "inference", "message": "RequestID=94a64815-2607-463f-8591-db1e447ee771 | Method=GET | Path=/metrics | Latency=2.05 ms | Status=200"}
{"asctime": "2026-02-17 11:26:46,381", "levelname": "INFO", "name": "inference", "message": "RequestID=bdb06f95-2e85-4f62-9cc0-9ae083cc97d8 | Method=GET | Path=/metrics | Latency=2.07 ms | Status=200"}
{"asctime": "2026-02-17 11:27:01,371", "levelname": "INFO", "name": "inference", "message": "RequestID=9daf977f-b85f-458a-ab0f-ae080b4e7352 | Method=GET | Path=/metrics | Latency=1.94 ms | Status=200"}
{"asctime": "2026-02-17 11:27:16,372", "levelname": "INFO", "name": "inference", "message": "RequestID=046eca5e-0ff2-44f5-98b8-2a97213331e5 | Method=GET | Path=/metrics | Latency=2.20 ms | Status=200"}
{"asctime": "2026-02-17 11:27:31,383", "levelname": "INFO", "name": "inference", "message": "RequestID=034458ce-5b55-4259-a722-1d99d028d220 | Method=GET | Path=/metrics | Latency=6.04 ms | Status=200"}
{"asctime": "2026-02-17 11:27:46,379", "levelname": "INFO", "name": "inference", "message": "RequestID=2149602a-8e3f-4e7b-80e6-cc7efabce026 | Method=GET | Path=/metrics | Latency=4.10 ms | Status=200"}
{"asctime": "2026-02-17 11:28:01,373", "levelname": "INFO", "name": "inference", "message": "RequestID=583f6a4c-1598-4456-8368-a894d9a46579 | Method=GET | Path=/metrics | Latency=2.48 ms | Status=200"}
{"asctime": "2026-02-17 11:28:16,372", "levelname": "INFO", "name": "inference", "message": "RequestID=9dd2db48-2fbd-4a02-bb0a-188b59581942 | Method=GET | Path=/metrics | Latency=1.93 ms | Status=200"}
{"asctime": "2026-02-17 11:28:31,376", "levelname": "INFO", "name": "inference", "message": "RequestID=5a57c7e1-5a7b-4e19-9ff5-486e8f06cc9d | Method=GET | Path=/metrics | Latency=3.89 ms | Status=200"}
{"asctime": "2026-02-17 11:28:46,373", "levelname": "INFO", "name": "inference", "message": "RequestID=17ee58b5-0588-464a-bf79-c0708004642e | Method=GET | Path=/metrics | Latency=2.45 ms | Status=200"}
{"asctime": "2026-02-17 11:29:01,372", "levelname": "INFO", "name": "inference", "message": "RequestID=c3f052cc-d606-429f-b752-12e74e15a2ee | Method=GET | Path=/metrics | Latency=2.14 ms | Status=200"}
{"asctime": "2026-02-17 11:29:16,375", "levelname": "INFO", "name": "inference", "message": "RequestID=7453af42-2245-40b4-bf9a-7a38665fcfdf | Method=GET | Path=/metrics | Latency=3.42 ms | Status=200"}
{"asctime": "2026-02-17 11:29:31,373", "levelname": "INFO", "name": "inference", "message": "RequestID=68892544-4838-4afa-8c8c-a57a22f1675f | Method=GET | Path=/metrics | Latency=2.48 ms | Status=200"}
{"asctime": "2026-02-17 11:29:46,381", "levelname": "INFO", "name": "inference", "message": "RequestID=12c196b8-0b44-451a-a7d4-4dc9faf1c029 | Method=GET | Path=/metrics | Latency=6.18 ms | Status=200"}
{"asctime": "2026-02-17 11:30:01,380", "levelname": "INFO", "name": "inference", "message": "RequestID=08183b87-9e5a-44b9-a84d-6689b8f67e97 | Method=GET | Path=/metrics | Latency=2.14 ms | Status=200"}
{"asctime": "2026-02-17 11:30:16,374", "levelname": "INFO", "name": "inference", "message": "RequestID=2d751f13-876c-435d-ba27-2c2f323dcbf5 | Method=GET | Path=/metrics | Latency=2.45 ms | Status=200"}
{"asctime": "2026-02-17 11:30:31,377", "levelname": "INFO", "name": "inference", "message": "RequestID=ad245e1a-7d93-4411-931a-caf02bdb8fae | Method=GET | Path=/metrics | Latency=3.86 ms | Status=200"}
{"asctime": "2026-02-17 11:30:46,373", "levelname": "INFO", "name": "inference", "message": "RequestID=522c91d2-1a25-4b88-9bfd-8c92efea2237 | Method=GET | Path=/metrics | Latency=2.07 ms | Status=200"}
{"asctime": "2026-02-17 11:31:01,378", "levelname": "INFO", "name": "inference", "message": "RequestID=ce669cca-d38a-4046-92d1-47bc6e5b606b | Method=GET | Path=/metrics | Latency=2.23 ms | Status=200"}
{"asctime": "2026-02-17 11:31:16,374", "levelname": "INFO", "name": "inference", "message": "RequestID=96ddb1aa-2dec-4590-9ce8-53b05865d635 | Method=GET | Path=/metrics | Latency=2.61 ms | Status=200"}
{"asctime": "2026-02-17 11:31:31,378", "levelname": "INFO", "name": "inference", "message": "RequestID=0626572d-2707-4810-939a-36afa4c1d933 | Method=GET | Path=/metrics | Latency=2.84 ms | Status=200"}
{"asctime": "2026-02-17 11:31:46,378", "levelname": "INFO", "name": "inference", "message": "RequestID=8d11b5a8-d12c-403e-8719-371c8503458e | Method=GET | Path=/metrics | Latency=1.89 ms | Status=200"}
{"asctime": "2026-02-17 11:32:01,373", "levelname": "INFO", "name": "inference", "message": "RequestID=69433a63-45a2-4099-aec2-48c530066332 | Method=GET | Path=/metrics | Latency=1.94 ms | Status=200"}
{"asctime": "2026-02-17 11:32:16,379", "levelname": "INFO", "name": "inference", "message": "RequestID=20d41294-4ce6-4557-a099-cb5b6b393a2a | Method=GET | Path=/metrics | Latency=4.20 ms | Status=200"}
{"asctime": "2026-02-17 11:32:31,383", "levelname": "INFO", "name": "inference", "message": "RequestID=83b54ae0-e887-4e2b-9820-7ffbc43b3dbd | Method=GET | Path=/metrics | Latency=4.82 ms | Status=200"}
{"asctime": "2026-02-17 11:32:46,383", "levelname": "INFO", "name": "inference", "message": "RequestID=eb3409e6-1b7f-4d13-8420-52506d24b60d | Method=GET | Path=/metrics | Latency=3.67 ms | Status=200"}
{"asctime": "2026-02-17 11:33:01,375", "levelname": "INFO", "name": "inference", "message": "RequestID=a0d911e8-dc0c-49ef-aff6-1471df0ded4b | Method=GET | Path=/metrics | Latency=2.54 ms | Status=200"}
{"asctime": "2026-02-17 11:33:16,373", "levelname": "INFO", "name": "inference", "message": "RequestID=2cc3cbab-91c5-46cf-86f1-8de36305c198 | Method=GET | Path=/metrics | Latency=2.42 ms | Status=200"}
{"asctime": "2026-02-17 11:33:31,385", "levelname": "INFO", "name": "inference", "message": "RequestID=6b372cb6-ae8b-4716-9c73-4d2ac3d2b17c | Method=GET | Path=/metrics | Latency=4.24 ms | Status=200"}
{"asctime": "2026-02-17 11:33:46,377", "levelname": "INFO", "name": "inference", "message": "RequestID=fb7534fd-cf2c-43fb-b738-e1ae13aeb1bc | Method=GET | Path=/metrics | Latency=2.34 ms | Status=200"}
{"asctime": "2026-02-17 11:34:01,394", "levelname": "INFO", "name": "inference", "message": "RequestID=6d64b520-e63a-4705-bfc7-78a4f1301c4e | Method=GET | Path=/metrics | Latency=1.96 ms | Status=200"}
{"asctime": "2026-02-17 11:34:16,386", "levelname": "INFO", "name": "inference", "message": "RequestID=02c37563-34ad-4a29-853b-32b6b1abe52f | Method=GET | Path=/metrics | Latency=2.19 ms | Status=200"}
{"asctime": "2026-02-17 11:34:31,381", "levelname": "INFO", "name": "inference", "message": "RequestID=32d93b2e-45a3-453e-a5c8-818a12156651 | Method=GET | Path=/metrics | Latency=2.99 ms | Status=200"}
{"asctime": "2026-02-17 11:34:46,381", "levelname": "INFO", "name": "inference", "message": "RequestID=8b7c37eb-ad76-48ba-8d53-e494123c0bfc | Method=GET | Path=/metrics | Latency=3.01 ms | Status=200"}
{"asctime": "2026-02-17 11:35:01,379", "levelname": "INFO", "name": "inference", "message": "RequestID=d06aea24-9896-4f20-af78-2d6e174cbe4e | Method=GET | Path=/metrics | Latency=3.58 ms | Status=200"}
{"asctime": "2026-02-17 11:35:16,379", "levelname": "INFO", "name": "inference", "message": "RequestID=80f4f666-1f01-4ae9-a988-f63faeccee33 | Method=GET | Path=/metrics | Latency=3.13 ms | Status=200"}
{"asctime": "2026-02-17 11:35:31,379", "levelname": "INFO", "name": "inference", "message": "RequestID=25d4520f-6b98-4b17-bc14-307b3cbdb477 | Method=GET | Path=/metrics | Latency=4.09 ms | Status=200"}
{"asctime": "2026-02-17 11:35:46,387", "levelname": "INFO", "name": "inference", "message": "RequestID=81215861-a0d3-4d0c-8362-5c7b6e253760 | Method=GET | Path=/metrics | Latency=7.97 ms | Status=200"}
{"asctime": "2026-02-17 11:36:01,379", "levelname": "INFO", "name": "inference", "message": "RequestID=9c57b009-57f5-443f-9a2d-6aec32f394f4 | Method=GET | Path=/metrics | Latency=6.42 ms | Status=200"}
{"asctime": "2026-02-17 11:36:16,378", "levelname": "INFO", "name": "inference", "message": "RequestID=f2a753b2-20fd-4d4c-a983-55c2e075efdc | Method=GET | Path=/metrics | Latency=2.26 ms | Status=200"}
{"asctime": "2026-02-17 11:36:31,374", "levelname": "INFO", "name": "inference", "message": "RequestID=3cff80ef-a0bc-44cd-84d8-40e66edbe58b | Method=GET | Path=/metrics | Latency=2.30 ms | Status=200"}
{"asctime": "2026-02-17 11:36:46,372", "levelname": "INFO", "name": "inference", "message": "RequestID=d02922ae-7840-4b24-b9d0-1d7bf3ca0b1d | Method=GET | Path=/metrics | Latency=2.38 ms | Status=200"}
{"asctime": "2026-02-17 11:37:01,373", "levelname": "INFO", "name": "inference", "message": "RequestID=d5e3e975-271f-47c5-9030-842d1aa22218 | Method=GET | Path=/metrics | Latency=2.41 ms | Status=200"}
{"asctime": "2026-02-17 11:37:16,414", "levelname": "INFO", "name": "inference", "message": "RequestID=8512d1f5-41fa-41c5-b630-091511b28ad6 | Method=GET | Path=/metrics | Latency=6.40 ms | Status=200"}
{"asctime": "2026-02-17 11:37:31,373", "levelname": "INFO", "name": "inference", "message": "RequestID=a7c5099a-ff5c-49b1-adec-9c175c398b21 | Method=GET | Path=/metrics | Latency=2.13 ms | Status=200"}
{"asctime": "2026-02-17 11:37:46,377", "levelname": "INFO", "name": "inference", "message": "RequestID=8c5d5186-3bb3-43e2-9a02-c673fec4923c | Method=GET | Path=/metrics | Latency=2.20 ms | Status=200"}
{"asctime": "2026-02-17 11:38:01,373", "levelname": "INFO", "name": "inference", "message": "RequestID=e6db1080-b0f3-4d02-acf4-681c74a71c9c | Method=GET | Path=/metrics | Latency=2.27 ms | Status=200"}
{"asctime": "2026-02-17 11:38:16,381", "levelname": "INFO", "name": "inference", "message": "RequestID=3c1f5086-e865-4e87-8623-744699b46c4b | Method=GET | Path=/metrics | Latency=3.25 ms | Status=200"}
{"asctime": "2026-02-17 11:38:31,381", "levelname": "INFO", "name": "inference", "message": "RequestID=c5d3c935-eb16-4a27-a6b0-875a5deadb68 | Method=GET | Path=/metrics | Latency=2.11 ms | Status=200"}
{"asctime": "2026-02-17 11:38:46,375", "levelname": "INFO", "name": "inference", "message": "RequestID=5eaef48e-c54a-4e41-adae-fd04e6ce71d1 | Method=GET | Path=/metrics | Latency=2.77 ms | Status=200"}
{"asctime": "2026-02-17 11:39:01,372", "levelname": "INFO", "name": "inference", "message": "RequestID=f2188c73-959f-494f-b73b-8d2a5e435fd3 | Method=GET | Path=/metrics | Latency=2.53 ms | Status=200"}
{"asctime": "2026-02-17 11:39:16,373", "levelname": "INFO", "name": "inference", "message": "RequestID=77fea505-1099-43ac-b956-55bd314cb373 | Method=GET | Path=/metrics | Latency=2.44 ms | Status=200"}
{"asctime": "2026-02-17 11:39:31,372", "levelname": "INFO", "name": "inference", "message": "RequestID=ed15fb85-1e6c-4a0d-913b-71e28437f8a3 | Method=GET | Path=/metrics | Latency=2.58 ms | Status=200"}
{"asctime": "2026-02-17 11:39:46,380", "levelname": "INFO", "name": "inference", "message": "RequestID=77ce93ed-b7f9-487c-bc41-7ecebfade0b1 | Method=GET | Path=/metrics | Latency=7.60 ms | Status=200"}
{"asctime": "2026-02-17 11:40:01,375", "levelname": "INFO", "name": "inference", "message": "RequestID=b2a27ae3-bec6-4f1a-99ae-10dfa67c071e | Method=GET | Path=/metrics | Latency=2.34 ms | Status=200"}
{"asctime": "2026-02-17 11:40:16,379", "levelname": "INFO", "name": "inference", "message": "RequestID=21b98a65-8825-4afe-8936-5979e5099a3a | Method=GET | Path=/metrics | Latency=3.18 ms | Status=200"}
{"asctime": "2026-02-17 11:40:31,376", "levelname": "INFO", "name": "inference", "message": "RequestID=ff9fbc99-5537-4802-a135-b1539dda9b77 | Method=GET | Path=/metrics | Latency=2.31 ms | Status=200"}
{"asctime": "2026-02-17 11:40:46,375", "levelname": "INFO", "name": "inference", "message": "RequestID=ea95eb4b-ed3a-4d5a-b672-80572d5476e5 | Method=GET | Path=/metrics | Latency=1.89 ms | Status=200"}
{"asctime": "2026-02-17 11:41:01,420", "levelname": "INFO", "name": "inference", "message": "RequestID=07f9bf23-4b54-4fcd-9c2a-41d2f289c4d1 | Method=GET | Path=/metrics | Latency=4.82 ms | Status=200"}
{"asctime": "2026-02-17 11:41:16,371", "levelname": "INFO", "name": "inference", "message": "RequestID=cd4737f6-c834-4b13-958e-db429e322708 | Method=GET | Path=/metrics | Latency=2.06 ms | Status=200"}
{"asctime": "2026-02-17 11:41:31,373", "levelname": "INFO", "name": "inference", "message": "RequestID=af57c987-d1a0-4f3c-8e0e-5578ffe31ee7 | Method=GET | Path=/metrics | Latency=2.72 ms | Status=200"}
{"asctime": "2026-02-17 11:41:46,384", "levelname": "INFO", "name": "inference", "message": "RequestID=a146c857-c90a-4be7-8ac8-ee6ec88ac874 | Method=GET | Path=/metrics | Latency=5.19 ms | Status=200"}
{"asctime": "2026-02-17 11:42:01,385", "levelname": "INFO", "name": "inference", "message": "RequestID=9e55d19e-8828-40de-8c75-3d224d3d67a5 | Method=GET | Path=/metrics | Latency=5.53 ms | Status=200"}
{"asctime": "2026-02-17 11:42:16,379", "levelname": "INFO", "name": "inference", "message": "RequestID=5344e97e-c0dd-4cdc-9b43-8b4ff5f37473 | Method=GET | Path=/metrics | Latency=2.12 ms | Status=200"}
{"asctime": "2026-02-17 11:42:31,377", "levelname": "INFO", "name": "inference", "message": "RequestID=0b4557dd-47a6-45a5-afab-21c0e7732aca | Method=GET | Path=/metrics | Latency=2.53 ms | Status=200"}
{"asctime": "2026-02-17 11:42:46,376", "levelname": "INFO", "name": "inference", "message": "RequestID=186f9ad8-8185-4b6a-ac4a-69181759eaf6 | Method=GET | Path=/metrics | Latency=2.41 ms | Status=200"}
{"asctime": "2026-02-17 11:43:01,383", "levelname": "INFO", "name": "inference", "message": "RequestID=26b950ba-e954-4dfa-afd0-e923066ff0c2 | Method=GET | Path=/metrics | Latency=5.08 ms | Status=200"}
{"asctime": "2026-02-17 11:43:16,372", "levelname": "INFO", "name": "inference", "message": "RequestID=04382ac9-ce48-4a28-94e3-1ce4f81b68fc | Method=GET | Path=/metrics | Latency=1.98 ms | Status=200"}
{"asctime": "2026-02-17 11:43:31,372", "levelname": "INFO", "name": "inference", "message": "RequestID=c90946ad-8dc8-421e-956c-b2af07d0824c | Method=GET | Path=/metrics | Latency=2.17 ms | Status=200"}
{"asctime": "2026-02-17 11:43:46,373", "levelname": "INFO", "name": "inference", "message": "RequestID=3fad676e-17a4-4e94-ac02-33ff0c878a7c | Method=GET | Path=/metrics | Latency=2.39 ms | Status=200"}
{"asctime": "2026-02-17 11:44:01,387", "levelname": "INFO", "name": "inference", "message": "RequestID=bcfd0936-27d7-4272-b48c-c9b4d70a47f4 | Method=GET | Path=/metrics | Latency=4.66 ms | Status=200"}
{"asctime": "2026-02-17 11:44:16,375", "levelname": "INFO", "name": "inference", "message": "RequestID=3f597626-a363-44b6-8fce-359d7740f645 | Method=GET | Path=/metrics | Latency=4.14 ms | Status=200"}
{"asctime": "2026-02-17 11:44:31,379", "levelname": "INFO", "name": "inference", "message": "RequestID=b9fe61a8-353d-4634-961f-e0440caf1be8 | Method=GET | Path=/metrics | Latency=3.86 ms | Status=200"}
{"asctime": "2026-02-17 11:44:46,376", "levelname": "INFO", "name": "inference", "message": "RequestID=72f22c1c-e005-4dcf-b47d-8aaf8df6c83d | Method=GET | Path=/metrics | Latency=2.78 ms | Status=200"}
{"asctime": "2026-02-17 11:45:01,372", "levelname": "INFO", "name": "inference", "message": "RequestID=86ae2c6f-7d86-4765-9be2-fcb25c7d7778 | Method=GET | Path=/metrics | Latency=2.20 ms | Status=200"}
{"asctime": "2026-02-17 11:45:16,383", "levelname": "INFO", "name": "inference", "message": "RequestID=ab8f0f90-be54-4c92-8829-9a7e7cb6cc45 | Method=GET | Path=/metrics | Latency=6.70 ms | Status=200"}
{"asctime": "2026-02-17 11:45:31,374", "levelname": "INFO", "name": "inference", "message": "RequestID=129559f6-43b1-4244-9449-ea6f654246d3 | Method=GET | Path=/metrics | Latency=2.30 ms | Status=200"}
{"asctime": "2026-02-17 11:45:46,372", "levelname": "INFO", "name": "inference", "message": "RequestID=7afb6bed-4e06-4008-94ec-6a0cf611b33e | Method=GET | Path=/metrics | Latency=2.25 ms | Status=200"}
{"asctime": "2026-02-17 11:46:01,375", "levelname": "INFO", "name": "inference", "message": "RequestID=4f4fb228-5af9-4668-aa01-7d9a7e05835c | Method=GET | Path=/metrics | Latency=1.99 ms | Status=200"}
{"asctime": "2026-02-17 11:46:16,384", "levelname": "INFO", "name": "inference", "message": "RequestID=ffd3f5ec-b6ab-4d1a-9d14-4a0124ca3e77 | Method=GET | Path=/metrics | Latency=5.22 ms | Status=200"}
{"asctime": "2026-02-17 11:46:31,373", "levelname": "INFO", "name": "inference", "message": "RequestID=febe21cc-fe43-4331-9c03-53e7db253fe9 | Method=GET | Path=/metrics | Latency=2.36 ms | Status=200"}
{"asctime": "2026-02-17 11:46:46,376", "levelname": "INFO", "name": "inference", "message": "RequestID=bbf2def4-4c49-4512-81e1-4f561df8f567 | Method=GET | Path=/metrics | Latency=1.97 ms | Status=200"}
{"asctime": "2026-02-17 11:47:01,374", "levelname": "INFO", "name": "inference", "message": "RequestID=0cf52690-fb96-437a-a5e3-08781548e0d7 | Method=GET | Path=/metrics | Latency=1.89 ms | Status=200"}
{"asctime": "2026-02-17 11:47:16,373", "levelname": "INFO", "name": "inference", "message": "RequestID=40aef8e1-6ad6-42d2-8f8c-06cc08175638 | Method=GET | Path=/metrics | Latency=2.04 ms | Status=200"}
{"asctime": "2026-02-17 11:47:31,375", "levelname": "INFO", "name": "inference", "message": "RequestID=bdb269a5-23e5-4957-940a-3706f689a6db | Method=GET | Path=/metrics | Latency=2.03 ms | Status=200"}
{"asctime": "2026-02-17 11:47:46,374", "levelname": "INFO", "name": "inference", "message": "RequestID=0a42d0da-e11b-478d-adac-c1e85d625f27 | Method=GET | Path=/metrics | Latency=2.39 ms | Status=200"}
{"asctime": "2026-02-17 11:48:01,370", "levelname": "INFO", "name": "inference", "message": "RequestID=368ee520-d6c5-4a45-a21f-0ab392b5b9ab | Method=GET | Path=/metrics | Latency=1.16 ms | Status=200"}
{"asctime": "2026-02-17 11:48:16,381", "levelname": "INFO", "name": "inference", "message": "RequestID=654e7d15-0a6b-4f64-8c8b-c75253a2d17a | Method=GET | Path=/metrics | Latency=2.12 ms | Status=200"}
{"asctime": "2026-02-17 11:48:31,382", "levelname": "INFO", "name": "inference", "message": "RequestID=ee6b7b61-453d-41b7-8bb8-6e556f36fd97 | Method=GET | Path=/metrics | Latency=2.47 ms | Status=200"}
{"asctime": "2026-02-17 11:48:46,373", "levelname": "INFO", "name": "inference", "message": "RequestID=59b5c560-6a93-400c-b328-d84ec94246ea | Method=GET | Path=/metrics | Latency=2.16 ms | Status=200"}
{"asctime": "2026-02-17 11:49:01,374", "levelname": "INFO", "name": "inference", "message": "RequestID=905e4fc5-b9af-4543-a65b-72dea1f52515 | Method=GET | Path=/metrics | Latency=2.91 ms | Status=200"}
{"asctime": "2026-02-17 11:49:16,382", "levelname": "INFO", "name": "inference", "message": "RequestID=2f9ab9c5-17ae-4411-be46-e08c8a1ce60c | Method=GET | Path=/metrics | Latency=3.06 ms | Status=200"}
{"asctime": "2026-02-17 11:49:31,370", "levelname": "INFO", "name": "inference", "message": "RequestID=72005e35-4ffe-445c-b116-2da8684931cb | Method=GET | Path=/metrics | Latency=1.94 ms | Status=200"}
{"asctime": "2026-02-17 11:49:46,372", "levelname": "INFO", "name": "inference", "message": "RequestID=9b94f9bb-c15b-4b60-bcf0-e3bf4ad78638 | Method=GET | Path=/metrics | Latency=2.19 ms | Status=200"}
{"asctime": "2026-02-17 11:50:01,373", "levelname": "INFO", "name": "inference", "message": "RequestID=158fc7f6-5371-4944-8e57-6c273dc6a217 | Method=GET | Path=/metrics | Latency=2.15 ms | Status=200"}
{"asctime": "2026-02-17 11:50:16,386", "levelname": "INFO", "name": "inference", "message": "RequestID=d0a254d0-e6f3-4cf8-8968-e7b81b41ee40 | Method=GET | Path=/metrics | Latency=2.66 ms | Status=200"}
{"asctime": "2026-02-17 11:50:31,376", "levelname": "INFO", "name": "inference", "message": "RequestID=29be3865-0b1d-4606-9bd0-24ae4dcdd174 | Method=GET | Path=/metrics | Latency=2.02 ms | Status=200"}
{"asctime": "2026-02-17 11:50:46,375", "levelname": "INFO", "name": "inference", "message": "RequestID=ac24e18b-18fc-40fb-bea8-8db776d026ab | Method=GET | Path=/metrics | Latency=2.08 ms | Status=200"}
{"asctime": "2026-02-17 11:51:01,380", "levelname": "INFO", "name": "inference", "message": "RequestID=a41c751c-ea44-4ec5-8e79-f6c5a68208fc | Method=GET | Path=/metrics | Latency=6.44 ms | Status=200"}
{"asctime": "2026-02-17 11:51:16,378", "levelname": "INFO", "name": "inference", "message": "RequestID=8b0004fc-9b43-4294-b734-fd89f6b8e7d6 | Method=GET | Path=/metrics | Latency=2.92 ms | Status=200"}
{"asctime": "2026-02-17 11:51:31,380", "levelname": "INFO", "name": "inference", "message": "RequestID=788aad02-5f5a-42da-a7db-4fa265d34f7a | Method=GET | Path=/metrics | Latency=4.32 ms | Status=200"}
{"asctime": "2026-02-17 11:51:46,375", "levelname": "INFO", "name": "inference", "message": "RequestID=4490a945-023f-454a-b956-d4407d8044d2 | Method=GET | Path=/metrics | Latency=3.60 ms | Status=200"}
{"asctime": "2026-02-17 11:52:01,375", "levelname": "INFO", "name": "inference", "message": "RequestID=7d37cfbc-4590-4f72-8c51-ce1abaf767bf | Method=GET | Path=/metrics | Latency=4.65 ms | Status=200"}
{"asctime": "2026-02-17 11:52:16,373", "levelname": "INFO", "name": "inference", "message": "RequestID=f0729774-db32-45b7-aa67-d04a066044be | Method=GET | Path=/metrics | Latency=2.47 ms | Status=200"}
{"asctime": "2026-02-17 11:52:31,381", "levelname": "INFO", "name": "inference", "message": "RequestID=cb5d60a5-3a58-42fb-8ec5-caa621c7e9e9 | Method=GET | Path=/metrics | Latency=8.16 ms | Status=200"}
{"asctime": "2026-02-17 11:52:46,376", "levelname": "INFO", "name": "inference", "message": "RequestID=421bc4f2-6b17-4cc0-b0f6-1e8123ece3f1 | Method=GET | Path=/metrics | Latency=2.98 ms | Status=200"}
{"asctime": "2026-02-17 11:53:01,380", "levelname": "INFO", "name": "inference", "message": "RequestID=fd9a5080-e7e2-4cb1-9b20-984bc946cc3c | Method=GET | Path=/metrics | Latency=2.59 ms | Status=200"}
{"asctime": "2026-02-17 11:53:16,374", "levelname": "INFO", "name": "inference", "message": "RequestID=ad2fc243-93b4-4977-8405-d2e479629159 | Method=GET | Path=/metrics | Latency=1.95 ms | Status=200"}
{"asctime": "2026-02-17 11:53:31,374", "levelname": "INFO", "name": "inference", "message": "RequestID=90d4ff0f-7ced-45d6-a8c8-f67a8c067afa | Method=GET | Path=/metrics | Latency=2.19 ms | Status=200"}
{"asctime": "2026-02-17 11:53:46,371", "levelname": "INFO", "name": "inference", "message": "RequestID=5055983c-7d1f-4250-8b47-91216ca317cd | Method=GET | Path=/metrics | Latency=1.21 ms | Status=200"}
{"asctime": "2026-02-17 12:01:54,948", "levelname": "INFO", "name": "inference", "message": "RequestID=3d128636-2bbb-43bf-8948-eda4fd042cbf | Method=GET | Path=/ | Latency=1.56 ms | Status=404"}
{"asctime": "2026-02-17 12:02:01,384", "levelname": "INFO", "name": "inference", "message": "RequestID=107b936f-37c4-4959-9419-0d7225a91ab5 | Method=GET | Path=/metrics | Latency=11.37 ms | Status=200"}
{"asctime": "2026-02-17 12:02:14,033", "levelname": "INFO", "name": "inference", "message": "RequestID=14d50716-66a3-438e-b316-ab4666c819a4 | Method=GET | Path=/docs | Latency=0.36 ms | Status=200"}
{"asctime": "2026-02-17 12:02:14,155", "levelname": "INFO", "name": "inference", "message": "RequestID=6dcb829f-8c97-4492-8014-df540de4ddbc | Method=GET | Path=/openapi.json | Latency=40.58 ms | Status=200"}
{"asctime": "2026-02-17 12:02:16,377", "levelname": "INFO", "name": "inference", "message": "RequestID=9d1d4f76-ae0d-4966-b6cd-044e60ed51a6 | Method=GET | Path=/metrics | Latency=1.03 ms | Status=200"}
{"asctime": "2026-02-17 12:02:31,376", "levelname": "INFO", "name": "inference", "message": "RequestID=5c1d0377-9e40-42bd-8a5d-c113c6caf5b6 | Method=GET | Path=/metrics | Latency=2.72 ms | Status=200"}
{"asctime": "2026-02-17 12:02:46,371", "levelname": "INFO", "name": "inference", "message": "RequestID=e350969d-930b-4232-9234-cacfe2ca01e7 | Method=GET | Path=/metrics | Latency=0.98 ms | Status=200"}
{"asctime": "2026-02-17 12:03:01,385", "levelname": "INFO", "name": "inference", "message": "RequestID=66ff887a-e7c9-4192-8d13-971b01f1eafe | Method=GET | Path=/metrics | Latency=3.83 ms | Status=200"}
{"asctime": "2026-02-17 12:03:16,376", "levelname": "INFO", "name": "inference", "message": "RequestID=d98368c4-ba45-48b2-a713-52ba6f0b8f04 | Method=GET | Path=/metrics | Latency=1.00 ms | Status=200"}
{"asctime": "2026-02-17 12:03:31,370", "levelname": "INFO", "name": "inference", "message": "RequestID=fa07fa0d-28d2-40b0-bf6f-c219f1ab2c5b | Method=GET | Path=/metrics | Latency=0.87 ms | Status=200"}
{"asctime": "2026-02-17 12:03:46,370", "levelname": "INFO", "name": "inference", "message": "RequestID=157f6c9f-7c4c-4d28-87c7-0d181686d5be | Method=GET | Path=/metrics | Latency=1.43 ms | Status=200"}
{"asctime": "2026-02-17 12:04:01,372", "levelname": "INFO", "name": "inference", "message": "RequestID=1d752a53-5945-4012-8f10-011c281f78ad | Method=GET | Path=/metrics | Latency=0.81 ms | Status=200"}
{"asctime": "2026-02-17 12:04:16,369", "levelname": "INFO", "name": "inference", "message": "RequestID=735fb5ef-d134-4f1f-92af-d177abead804 | Method=GET | Path=/metrics | Latency=0.92 ms | Status=200"}
{"asctime": "2026-02-17 12:04:31,371", "levelname": "INFO", "name": "inference", "message": "RequestID=9ec2153e-5a1a-4d19-98ec-d14620f4f804 | Method=GET | Path=/metrics | Latency=1.27 ms | Status=200"}
{"asctime": "2026-02-17 12:04:46,370", "levelname": "INFO", "name": "inference", "message": "RequestID=aac7f11e-0224-495d-b9fb-ffa5f4425f0a | Method=GET | Path=/metrics | Latency=0.89 ms | Status=200"}
{"asctime": "2026-02-17 12:05:01,370", "levelname": "INFO", "name": "inference", "message": "RequestID=bd51618a-300a-4925-84f4-7c430478425f | Method=GET | Path=/metrics | Latency=0.73 ms | Status=200"}
{"asctime": "2026-02-17 12:05:16,379", "levelname": "INFO", "name": "inference", "message": "RequestID=9cafacf9-9cd7-47e4-9800-2ba4f09f736b | Method=GET | Path=/metrics | Latency=1.36 ms | Status=200"}
{"asctime": "2026-02-17 12:05:31,375", "levelname": "INFO", "name": "inference", "message": "RequestID=db1953a7-702f-4ce2-bc65-7d1ae1dc7215 | Method=GET | Path=/metrics | Latency=0.88 ms | Status=200"}
{"asctime": "2026-02-17 12:05:46,371", "levelname": "INFO", "name": "inference", "message": "RequestID=6a4c4287-c659-48d1-907e-ba01af4d9804 | Method=GET | Path=/metrics | Latency=0.75 ms | Status=200"}
{"asctime": "2026-02-17 12:06:01,387", "levelname": "INFO", "name": "inference", "message": "RequestID=ced57a9e-f5f7-418e-96d5-0d65315f9f4b | Method=GET | Path=/metrics | Latency=1.08 ms | Status=200"}
{"asctime": "2026-02-17 12:06:16,369", "levelname": "INFO", "name": "inference", "message": "RequestID=63bae39e-4b71-49d8-8f02-e7af16902f51 | Method=GET | Path=/metrics | Latency=0.87 ms | Status=200"}
{"asctime": "2026-02-17 12:06:31,397", "levelname": "INFO", "name": "inference", "message": "RequestID=ff8daa90-bfbf-4f74-9708-8a60f20060b4 | Method=GET | Path=/metrics | Latency=1.77 ms | Status=200"}
{"asctime": "2026-02-17 12:06:46,379", "levelname": "INFO", "name": "inference", "message": "RequestID=9d60b07e-8b28-4f18-81ce-824fc0229007 | Method=GET | Path=/metrics | Latency=1.20 ms | Status=200"}
{"asctime": "2026-02-17 12:07:01,371", "levelname": "INFO", "name": "inference", "message": "RequestID=77bebcfb-9fc2-4c50-9dbb-9907b58a18e8 | Method=GET | Path=/metrics | Latency=1.01 ms | Status=200"}
{"asctime": "2026-02-17 12:07:16,396", "levelname": "INFO", "name": "inference", "message": "RequestID=cb62abde-5532-4666-9bdb-2aa5d547ae28 | Method=GET | Path=/metrics | Latency=1.12 ms | Status=200"}
{"asctime": "2026-02-17 12:07:31,377", "levelname": "INFO", "name": "inference", "message": "RequestID=43a74d7f-84a1-4dfd-88ba-204323894dbc | Method=GET | Path=/metrics | Latency=1.02 ms | Status=200"}
{"asctime": "2026-02-17 12:07:46,376", "levelname": "INFO", "name": "inference", "message": "RequestID=17a7d8c6-ee1d-4d95-adc7-2c5ac7edf7ee | Method=GET | Path=/metrics | Latency=0.99 ms | Status=200"}
{"asctime": "2026-02-17 12:08:01,372", "levelname": "INFO", "name": "inference", "message": "RequestID=8cdb2cb8-9adb-4275-a844-6cc546d76ebc | Method=GET | Path=/metrics | Latency=1.29 ms | Status=200"}
{"asctime": "2026-02-17 12:08:16,390", "levelname": "INFO", "name": "inference", "message": "RequestID=9fe57914-8fc6-4c89-b17e-6a093bde8b47 | Method=GET | Path=/metrics | Latency=1.73 ms | Status=200"}
{"asctime": "2026-02-17 12:11:03,208", "levelname": "INFO", "name": "inference", "message": "RequestID=d30da063-63d9-4745-bf56-23a0cfb8cb6a | Method=GET | Path=/ | Latency=1.27 ms | Status=404"}
{"asctime": "2026-02-17 12:11:06,692", "levelname": "INFO", "name": "inference", "message": "RequestID=988affa6-ecb5-4fd8-960d-ddb6cbbba680 | Method=GET | Path=/docs | Latency=0.37 ms | Status=200"}
{"asctime": "2026-02-17 12:11:06,798", "levelname": "INFO", "name": "inference", "message": "RequestID=51bd92cd-0190-4f27-9e8f-7127e441b21f | Method=GET | Path=/openapi.json | Latency=41.69 ms | Status=200"}
{"asctime": "2026-02-17 12:11:16,388", "levelname": "INFO", "name": "inference", "message": "RequestID=f8fb55db-44f8-4f9d-92cf-046018064cc3 | Method=GET | Path=/metrics | Latency=6.51 ms | Status=200"}
{"asctime": "2026-02-17 12:11:16,498", "levelname": "INFO", "name": "inference", "message": "inference_event", "region": "jakarta_pusat", "model_version": "v1", "request_id": "65acd9d5-0349-4216-b6dc-19b16cb1f82f", "predicted_price": 1289223.52}
{"asctime": "2026-02-17 12:11:16,500", "levelname": "INFO", "name": "inference", "message": "RequestID=65acd9d5-0349-4216-b6dc-19b16cb1f82f | Method=POST | Path=/predict/jakarta_pusat | Latency=169.95 ms | Status=200"}
{"asctime": "2026-02-17 12:11:29,477", "levelname": "INFO", "name": "inference", "message": "RequestID=5760c7be-de28-4e1e-83c9-cbf00112a150 | Method=GET | Path=/prometheus-metrics | Latency=2.59 ms | Status=200"}
{"asctime": "2026-02-17 12:11:31,374", "levelname": "INFO", "name": "inference", "message": "RequestID=58405550-3bd5-4fad-b122-74c14a5c1ea9 | Method=GET | Path=/metrics | Latency=0.74 ms | Status=200"}
{"asctime": "2026-02-17 12:11:46,372", "levelname": "INFO", "name": "inference", "message": "RequestID=ed9be202-34f8-41b6-b4c0-dd55a8713e44 | Method=GET | Path=/metrics | Latency=0.83 ms | Status=200"}
{"asctime": "2026-02-17 12:11:47,834", "levelname": "INFO", "name": "inference", "message": "RequestID=e0b76f5a-cfd1-4073-b064-9792d7f6e7de | Method=GET | Path=/metrics | Latency=1.00 ms | Status=200"}
{"asctime": "2026-02-17 12:12:01,369", "levelname": "INFO", "name": "inference", "message": "RequestID=0fdc640e-e88b-4067-9abc-ba83e22d9024 | Method=GET | Path=/metrics | Latency=1.10 ms | Status=200"}
{"asctime": "2026-02-17 12:12:16,370", "levelname": "INFO", "name": "inference", "message": "RequestID=367e3b53-c1de-43ad-9a0c-14ca9bd0e316 | Method=GET | Path=/metrics | Latency=1.17 ms | Status=200"}
{"asctime": "2026-02-17 12:12:31,368", "levelname": "INFO", "name": "inference", "message": "RequestID=8466f7b0-8d89-4e49-8183-d873b503073c | Method=GET | Path=/metrics | Latency=0.80 ms | Status=200"}
{"asctime": "2026-02-17 12:12:46,372", "levelname": "INFO", "name": "inference", "message": "RequestID=58be5b18-3b1f-4cde-9801-543664dbb326 | Method=GET | Path=/metrics | Latency=1.05 ms | Status=200"}
{"asctime": "2026-02-17 12:14:31,377", "levelname": "INFO", "name": "inference", "message": "RequestID=9025c54a-1754-4ed7-976b-d3e162467189 | Method=GET | Path=/metrics | Latency=0.78 ms | Status=200"}
{"asctime": "2026-02-17 12:14:43,876", "levelname": "INFO", "name": "inference", "message": "inference_event", "region": "yogyakarta", "model_version": "v1", "request_id": "10bb22b4-db46-4b84-a2ae-ab7ac0087942", "predicted_price": 683110.14}
{"asctime": "2026-02-17 12:14:43,878", "levelname": "INFO", "name": "inference", "message": "RequestID=10bb22b4-db46-4b84-a2ae-ab7ac0087942 | Method=POST | Path=/predict/yogyakarta | Latency=42.52 ms | Status=200"}
{"asctime": "2026-02-17 12:14:46,370", "levelname": "INFO", "name": "inference", "message": "RequestID=b5bb8b22-d02d-470a-8c05-7fbf0de9d6ee | Method=GET | Path=/metrics | Latency=0.79 ms | Status=200"}
{"asctime": "2026-02-17 12:15:01,375", "levelname": "INFO", "name": "inference", "message": "RequestID=cfa9de34-82e2-45ef-a278-589a788c60e1 | Method=GET | Path=/metrics | Latency=0.88 ms | Status=200"}
{"asctime": "2026-02-17 12:15:16,375", "levelname": "INFO", "name": "inference", "message": "RequestID=3c3f6dc7-d108-4091-8e1f-51ad32b1b3c6 | Method=GET | Path=/metrics | Latency=1.19 ms | Status=200"}
{"asctime": "2026-02-17 12:15:29,333", "levelname": "INFO", "name": "inference", "message": "RequestID=30dcc0bf-2cbf-4f06-a798-f0722bbc4117 | Method=GET | Path=/prometheus-metrics | Latency=2.36 ms | Status=200"}
{"asctime": "2026-02-17 12:15:31,378", "levelname": "INFO", "name": "inference", "message": "RequestID=de9bab74-f8a9-466a-a934-564639b2c950 | Method=GET | Path=/metrics | Latency=0.78 ms | Status=200"}
{"asctime": "2026-02-17 12:15:46,369", "levelname": "INFO", "name": "inference", "message": "RequestID=f3773a38-620f-457a-aee4-02cb720d750b | Method=GET | Path=/metrics | Latency=0.86 ms | Status=200"}
{"asctime": "2026-02-17 12:16:01,383", "levelname": "INFO", "name": "inference", "message": "RequestID=38df354f-078c-40df-8636-9009a7d6a5cd | Method=GET | Path=/metrics | Latency=0.88 ms | Status=200"}
{"asctime": "2026-02-17 12:16:16,383", "levelname": "INFO", "name": "inference", "message": "RequestID=2165c709-cc1f-41de-b134-6487c41797c7 | Method=GET | Path=/metrics | Latency=1.83 ms | Status=200"}
{"asctime": "2026-02-17 12:16:31,377", "levelname": "INFO", "name": "inference", "message": "RequestID=d8ca24e8-1f08-4666-836b-aa34d4adfec6 | Method=GET | Path=/metrics | Latency=0.76 ms | Status=200"}
{"asctime": "2026-02-17 12:16:46,377", "levelname": "INFO", "name": "inference", "message": "RequestID=7b3353eb-5c60-46d3-a277-e172cdff845f | Method=GET | Path=/metrics | Latency=1.00 ms | Status=200"}
{"asctime": "2026-02-17 12:17:01,376", "levelname": "INFO", "name": "inference", "message": "RequestID=cb66cb5b-0b69-4083-ad98-acf3c5412de2 | Method=GET | Path=/metrics | Latency=1.58 ms | Status=200"}
{"asctime": "2026-02-17 12:17:16,386", "levelname": "INFO", "name": "inference", "message": "RequestID=88e3b769-88ea-4b54-84ad-d0f77b0a1d42 | Method=GET | Path=/metrics | Latency=2.32 ms | Status=200"}
{"asctime": "2026-02-17 12:17:31,372", "levelname": "INFO", "name": "inference", "message": "RequestID=840916d0-1527-4356-bf02-a38caafbd56e | Method=GET | Path=/metrics | Latency=0.82 ms | Status=200"}
{"asctime": "2026-02-17 12:17:46,373", "levelname": "INFO", "name": "inference", "message": "RequestID=d538b24a-5c5b-490d-8a36-cb486d01c44e | Method=GET | Path=/metrics | Latency=2.02 ms | Status=200"}
{"asctime": "2026-02-17 12:18:01,371", "levelname": "INFO", "name": "inference", "message": "RequestID=0791f0f9-e883-4f0f-980f-7b498577e624 | Method=GET | Path=/metrics | Latency=1.21 ms | Status=200"}
{"asctime": "2026-02-17 12:18:16,372", "levelname": "INFO", "name": "inference", "message": "RequestID=656337c0-cb62-4a2f-b10b-c802a6665817 | Method=GET | Path=/metrics | Latency=0.79 ms | Status=200"}
{"asctime": "2026-02-17 12:18:31,373", "levelname": "INFO", "name": "inference", "message": "RequestID=3aa008a6-017c-4f6e-9e76-e641c0fa5c77 | Method=GET | Path=/metrics | Latency=0.84 ms | Status=200"}
{"asctime": "2026-02-17 12:18:46,383", "levelname": "INFO", "name": "inference", "message": "RequestID=97ee1487-5fff-44ac-8012-c8947bc244ca | Method=GET | Path=/metrics | Latency=0.81 ms | Status=200"}
{"asctime": "2026-02-17 12:19:01,373", "levelname": "INFO", "name": "inference", "message": "RequestID=b8204465-6243-4c48-9453-60892673cfd7 | Method=GET | Path=/metrics | Latency=1.25 ms | Status=200"}
{"asctime": "2026-02-17 12:19:16,373", "levelname": "INFO", "name": "inference", "message": "RequestID=77d34965-0bd7-49f5-830e-301504d456aa | Method=GET | Path=/metrics | Latency=0.76 ms | Status=200"}
{"asctime": "2026-02-17 12:19:31,378", "levelname": "INFO", "name": "inference", "message": "RequestID=18892204-67ed-412b-8649-02ee6da09f0d | Method=GET | Path=/metrics | Latency=0.91 ms | Status=200"}
{"asctime": "2026-02-17 12:19:46,372", "levelname": "INFO", "name": "inference", "message": "RequestID=d3f81d4e-596c-4bfb-89de-b9c8518d996e | Method=GET | Path=/metrics | Latency=0.75 ms | Status=200"}
{"asctime": "2026-02-17 12:20:01,373", "levelname": "INFO", "name": "inference", "message": "RequestID=8c5d4b10-39c9-4c2a-8575-0a021a3b0f7a | Method=GET | Path=/metrics | Latency=0.78 ms | Status=200"}
{"asctime": "2026-02-17 12:20:16,388", "levelname": "INFO", "name": "inference", "message": "RequestID=fc2052d5-1601-4cf0-9fe8-79008f402c65 | Method=GET | Path=/metrics | Latency=0.84 ms | Status=200"}
{"asctime": "2026-02-17 12:20:31,372", "levelname": "INFO", "name": "inference", "message": "RequestID=d3d40b63-82b0-47cf-92b4-7a507f2d46bd | Method=GET | Path=/metrics | Latency=0.96 ms | Status=200"}
{"asctime": "2026-02-17 12:20:46,375", "levelname": "INFO", "name": "inference", "message": "RequestID=08cab407-1f8c-4848-9b1f-efd5ae52ce60 | Method=GET | Path=/metrics | Latency=0.94 ms | Status=200"}
{"asctime": "2026-02-17 12:21:01,369", "levelname": "INFO", "name": "inference", "message": "RequestID=b34a9785-cc82-45ec-b11a-c2b5cf37aba8 | Method=GET | Path=/metrics | Latency=0.98 ms | Status=200"}
{"asctime": "2026-02-17 12:21:16,371", "levelname": "INFO", "name": "inference", "message": "RequestID=b41fbfe9-c2ca-4ce0-a235-f231f1b0c4ba | Method=GET | Path=/metrics | Latency=0.98 ms | Status=200"}
{"asctime": "2026-02-17 12:21:31,370", "levelname": "INFO", "name": "inference", "message": "RequestID=fe54de20-4749-4d16-a7f4-efde74a2c3b9 | Method=GET | Path=/metrics | Latency=1.03 ms | Status=200"}
{"asctime": "2026-02-17 12:21:46,373", "levelname": "INFO", "name": "inference", "message": "RequestID=fc3040d7-c2a7-46a2-bd72-95a1afd52443 | Method=GET | Path=/metrics | Latency=1.72 ms | Status=200"}
{"asctime": "2026-02-17 12:22:01,369", "levelname": "INFO", "name": "inference", "message": "RequestID=c6b15090-241e-4fe7-82fc-2a905ce51ea0 | Method=GET | Path=/metrics | Latency=0.84 ms | Status=200"}
{"asctime": "2026-02-17 12:22:16,373", "levelname": "INFO", "name": "inference", "message": "RequestID=9f934b1e-baba-4592-baa2-33efc00dbc41 | Method=GET | Path=/metrics | Latency=0.92 ms | Status=200"}
{"asctime": "2026-02-17 12:22:31,381", "levelname": "INFO", "name": "inference", "message": "RequestID=af53611f-c3f2-4ff6-a6a6-f74f8d6fda78 | Method=GET | Path=/metrics | Latency=2.45 ms | Status=200"}
{"asctime": "2026-02-17 12:22:46,380", "levelname": "INFO", "name": "inference", "message": "RequestID=8e32953e-534d-4d3c-9a26-74ca7ff9d364 | Method=GET | Path=/metrics | Latency=1.70 ms | Status=200"}
{"asctime": "2026-02-17 12:23:01,371", "levelname": "INFO", "name": "inference", "message": "RequestID=43d7e4e4-7335-471d-89c8-4256d76bd00c | Method=GET | Path=/metrics | Latency=0.97 ms | Status=200"}
{"asctime": "2026-02-17 12:23:16,375", "levelname": "INFO", "name": "inference", "message": "RequestID=eeedbf78-864f-402e-8f92-c0a820f3f6d1 | Method=GET | Path=/metrics | Latency=1.09 ms | Status=200"}
{"asctime": "2026-02-17 12:23:31,371", "levelname": "INFO", "name": "inference", "message": "RequestID=fdb01c17-8ec8-4047-83db-688d7139b518 | Method=GET | Path=/metrics | Latency=1.08 ms | Status=200"}
{"asctime": "2026-02-17 12:23:46,373", "levelname": "INFO", "name": "inference", "message": "RequestID=173d477e-919f-477d-8d8d-30045264bbeb | Method=GET | Path=/metrics | Latency=0.98 ms | Status=200"}
{"asctime": "2026-02-17 12:24:01,376", "levelname": "INFO", "name": "inference", "message": "RequestID=8d4847d6-cd09-4a97-a366-17d9289d3255 | Method=GET | Path=/metrics | Latency=1.39 ms | Status=200"}
{"asctime": "2026-02-17 12:24:16,377", "levelname": "INFO", "name": "inference", "message": "RequestID=3695e784-68c4-4e99-9b53-1b3bce1a2ccf | Method=GET | Path=/metrics | Latency=0.80 ms | Status=200"}
{"asctime": "2026-02-17 12:24:31,372", "levelname": "INFO", "name": "inference", "message": "RequestID=8e6fc324-2299-466c-935d-788115d1b784 | Method=GET | Path=/metrics | Latency=0.77 ms | Status=200"}
{"asctime": "2026-02-17 12:24:46,377", "levelname": "INFO", "name": "inference", "message": "RequestID=5bc039b6-db33-4328-87db-8884d7e39804 | Method=GET | Path=/metrics | Latency=1.63 ms | Status=200"}
{"asctime": "2026-02-17 12:25:01,376", "levelname": "INFO", "name": "inference", "message": "RequestID=6360955b-e5e2-4539-b77d-e6883ba05ed4 | Method=GET | Path=/metrics | Latency=0.96 ms | Status=200"}
{"asctime": "2026-02-17 12:25:16,374", "levelname": "INFO", "name": "inference", "message": "RequestID=95fbd479-6a90-4410-a0e4-fe0d069794e8 | Method=GET | Path=/metrics | Latency=0.77 ms | Status=200"}
{"asctime": "2026-02-17 12:25:31,373", "levelname": "INFO", "name": "inference", "message": "RequestID=148493e4-410e-4662-9ebf-4acc6a669faf | Method=GET | Path=/metrics | Latency=0.73 ms | Status=200"}
{"asctime": "2026-02-17 12:25:46,374", "levelname": "INFO", "name": "inference", "message": "RequestID=d3c92232-defb-4237-8889-39ef30c9b55b | Method=GET | Path=/metrics | Latency=0.84 ms | Status=200"}
{"asctime": "2026-02-17 12:26:01,388", "levelname": "INFO", "name": "inference", "message": "RequestID=7b64b251-2249-4aae-b7f8-ff18f3a4b2ee | Method=GET | Path=/metrics | Latency=5.61 ms | Status=200"}
{"asctime": "2026-02-17 12:26:16,402", "levelname": "INFO", "name": "inference", "message": "RequestID=1db27b87-171b-4c08-ae0d-4afc35451044 | Method=GET | Path=/metrics | Latency=15.94 ms | Status=200"}
{"asctime": "2026-02-17 12:26:31,369", "levelname": "INFO", "name": "inference", "message": "RequestID=b6d731fc-cfe5-4601-89db-9567288f491b | Method=GET | Path=/metrics | Latency=0.86 ms | Status=200"}
{"asctime": "2026-02-17 12:26:46,371", "levelname": "INFO", "name": "inference", "message": "RequestID=de7f22f1-3f67-44fd-8610-a3cbf3680eea | Method=GET | Path=/metrics | Latency=1.20 ms | Status=200"}
{"asctime": "2026-02-17 12:27:09,476", "levelname": "INFO", "name": "inference", "message": "RequestID=ccf7252c-67f1-46f8-b956-951be5a51810 | Method=GET | Path=/ | Latency=1.10 ms | Status=404"}
{"asctime": "2026-02-17 12:27:18,162", "levelname": "INFO", "name": "inference", "message": "RequestID=f1da3c09-34b4-4394-b496-67f55a163953 | Method=GET | Path=/docs | Latency=0.45 ms | Status=200"}
{"asctime": "2026-02-17 12:27:18,262", "levelname": "INFO", "name": "inference", "message": "RequestID=ccce8aeb-9a06-4b0d-88fa-e71f78fb77c6 | Method=GET | Path=/openapi.json | Latency=32.45 ms | Status=200"}
{"asctime": "2026-02-17 12:27:43,294", "levelname": "INFO", "name": "inference", "message": "inference_event", "region": "yogyakarta", "model_version": "v1", "request_id": "e07cccf2-f99a-4020-add5-d1de09487081", "predicted_price": 1204151.36}
{"asctime": "2026-02-17 12:27:43,295", "levelname": "INFO", "name": "inference", "message": "RequestID=e07cccf2-f99a-4020-add5-d1de09487081 | Method=POST | Path=/predict/yogyakarta | Latency=70.70 ms | Status=200"}
{"asctime": "2026-02-17 12:27:51,334", "levelname": "INFO", "name": "inference", "message": "inference_event", "region": "jakarta_pusat", "model_version": "v1", "request_id": "dce9627d-aedb-47d4-b34b-9d9b1fe795a1", "predicted_price": 2595692.27}
{"asctime": "2026-02-17 12:27:51,336", "levelname": "INFO", "name": "inference", "message": "RequestID=dce9627d-aedb-47d4-b34b-9d9b1fe795a1 | Method=POST | Path=/predict/jakarta_pusat | Latency=55.87 ms | Status=200"}
{"asctime": "2026-02-17 12:27:59,393", "levelname": "INFO", "name": "inference", "message": "inference_event", "region": "jakarta_pusat", "model_version": "v1", "request_id": "932f53db-3a44-449a-94ac-9ac85b543abc", "predicted_price": 2348972.07}
{"asctime": "2026-02-17 12:27:59,394", "levelname": "INFO", "name": "inference", "message": "RequestID=932f53db-3a44-449a-94ac-9ac85b543abc | Method=POST | Path=/predict/jakarta_pusat | Latency=70.43 ms | Status=200"}
{"asctime": "2026-02-17 12:28:02,973", "levelname": "INFO", "name": "inference", "message": "inference_event", "region": "jakarta_pusat", "model_version": "v1", "request_id": "53e8fe5e-afb7-4429-b548-f0232d7a04c7", "predicted_price": 2773225.09}
{"asctime": "2026-02-17 12:28:02,975", "levelname": "INFO", "name": "inference", "message": "RequestID=53e8fe5e-afb7-4429-b548-f0232d7a04c7 | Method=POST | Path=/predict/jakarta_pusat | Latency=57.98 ms | Status=200"}
{"asctime": "2026-02-17 12:28:06,648", "levelname": "INFO", "name": "inference", "message": "RequestID=59051aa6-da38-4f92-b882-267eb9b24b43 | Method=POST | Path=/predict/jakarta_pusat | Latency=6.32 ms | Status=422"}
{"asctime": "2026-02-17 12:29:43,846", "levelname": "INFO", "name": "inference", "message": "RequestID=c8f670b8-dd73-4efe-9a75-67616c2794bb | Method=GET | Path=/metrics | Latency=3.06 ms | Status=200"}
{"asctime": "2026-02-17 12:30:01,054", "levelname": "INFO", "name": "inference", "message": "RequestID=dd141ccb-a6d4-4b71-99e9-1f0c632af581 | Method=GET | Path=/health | Latency=2.54 ms | Status=200"}
{"asctime": "2026-02-17 12:30:12,049", "levelname": "INFO", "name": "inference", "message": "RequestID=2bc7d62c-d91f-4feb-ba6c-4d1256ef3d0f | Method=GET | Path=/prediction-monitor/yogyakarta | Latency=2.78 ms | Status=200"}
{"asctime": "2026-02-17 12:30:27,509", "levelname": "INFO", "name": "inference", "message": "RequestID=7ec6ee66-ea9f-4d62-9525-3445e9ba43df | Method=GET | Path=/prediction-monitor/jakarta_pusat | Latency=1.79 ms | Status=200"}
{"asctime": "2026-02-17 12:30:36,241", "levelname": "INFO", "name": "inference", "message": "RequestID=dc071d6c-1d5e-4a4c-9ddc-6ec12370aa19 | Method=GET | Path=/prometheus-metrics | Latency=3.13 ms | Status=200"}
{"asctime": "2026-02-17 12:31:16,381", "levelname": "INFO", "name": "inference", "message": "RequestID=46ff7c31-a794-4c94-9292-a67237da43b1 | Method=GET | Path=/metrics | Latency=0.77 ms | Status=200"}
{"asctime": "2026-02-17 12:31:31,376", "levelname": "INFO", "name": "inference", "message": "RequestID=e987aa76-7185-470c-9416-4fa2b94127b5 | Method=GET | Path=/metrics | Latency=0.82 ms | Status=200"}
{"asctime": "2026-02-17 12:31:46,372", "levelname": "INFO", "name": "inference", "message": "RequestID=fbfe6efe-ddfd-4b32-bf62-75e1b03607ca | Method=GET | Path=/metrics | Latency=0.65 ms | Status=200"}
{"asctime": "2026-02-17 12:32:01,375", "levelname": "INFO", "name": "inference", "message": "RequestID=0c299d68-6881-4ee0-bd85-892c6199a515 | Method=GET | Path=/metrics | Latency=0.53 ms | Status=200"}
{"asctime": "2026-02-17 12:32:16,381", "levelname": "INFO", "name": "inference", "message": "RequestID=7f7ca132-ba1b-4837-af47-a13aa3c69ff5 | Method=GET | Path=/metrics | Latency=4.70 ms | Status=200"}
{"asctime": "2026-02-17 12:32:30,471", "levelname": "INFO", "name": "inference", "message": "RequestID=5a2ceecd-c640-4780-aa57-8e792eed9804 | Method=GET | Path=/prometheus-metrics | Latency=2.74 ms | Status=200"}
{"asctime": "2026-02-17 12:32:31,376", "levelname": "INFO", "name": "inference", "message": "RequestID=2d6922bb-46ca-48b8-bf71-22e70e97c259 | Method=GET | Path=/metrics | Latency=0.77 ms | Status=200"}
{"asctime": "2026-02-17 12:32:46,386", "levelname": "INFO", "name": "inference", "message": "RequestID=8efa6421-e7f2-4e55-908a-67bf4e57f92b | Method=GET | Path=/metrics | Latency=7.67 ms | Status=200"}
{"asctime": "2026-02-17 12:32:47,051", "levelname": "INFO", "name": "inference", "message": "RequestID=0d137120-aa08-421c-aae6-4a2d5c80aa0e | Method=GET | Path=/prometheus-metrics | Latency=1.92 ms | Status=200"}
{"asctime": "2026-02-17 12:32:48,245", "levelname": "INFO", "name": "inference", "message": "RequestID=d4538a99-e4e3-4233-b4a7-d75b0dcde920 | Method=GET | Path=/prometheus-metrics | Latency=1.36 ms | Status=200"}
{"asctime": "2026-02-17 12:32:48,853", "levelname": "INFO", "name": "inference", "message": "RequestID=38e7a6aa-1065-4f8c-ada4-fdfa29f80862 | Method=GET | Path=/prometheus-metrics | Latency=1.27 ms | Status=200"}
{"asctime": "2026-02-17 12:32:58,760", "levelname": "INFO", "name": "inference", "message": "RequestID=aafe1a69-f1f3-4e58-8ec5-1a764e27962e | Method=POST | Path=/predict/jakarta_pusat | Latency=4.17 ms | Status=422"}
{"asctime": "2026-02-17 12:33:01,371", "levelname": "INFO", "name": "inference", "message": "RequestID=3cd25039-7eac-479e-96aa-f61d9e50ad3d | Method=GET | Path=/metrics | Latency=0.86 ms | Status=200"}
{"asctime": "2026-02-17 12:33:04,412", "levelname": "INFO", "name": "inference", "message": "inference_event", "region": "jakarta_pusat", "model_version": "v1", "request_id": "ccce1c43-336c-4b5b-8567-39d4efe1382d", "predicted_price": 3175053.71}
{"asctime": "2026-02-17 12:33:04,414", "levelname": "INFO", "name": "inference", "message": "RequestID=ccce1c43-336c-4b5b-8567-39d4efe1382d | Method=POST | Path=/predict/jakarta_pusat | Latency=61.03 ms | Status=200"}
{"asctime": "2026-02-17 12:33:14,679", "levelname": "INFO", "name": "inference", "message": "RequestID=d118dbea-9b33-4842-b7f5-9769feede391 | Method=GET | Path=/prediction-monitor/jakarta_pusat | Latency=2.56 ms | Status=200"}
{"asctime": "2026-02-17 12:33:16,370", "levelname": "INFO", "name": "inference", "message": "RequestID=9a4747c1-a19f-4412-9b4e-4344101a55f1 | Method=GET | Path=/metrics | Latency=0.79 ms | Status=200"}
{"asctime": "2026-02-17 12:33:27,738", "levelname": "INFO", "name": "inference", "message": "inference_event", "region": "jakarta_pusat", "model_version": "v1", "request_id": "afb6390a-bf0f-4e5a-b8a3-67c58d96a952", "predicted_price": 3426911.57}
{"asctime": "2026-02-17 12:33:27,740", "levelname": "INFO", "name": "inference", "message": "RequestID=afb6390a-bf0f-4e5a-b8a3-67c58d96a952 | Method=POST | Path=/predict/jakarta_pusat | Latency=60.60 ms | Status=200"}
{"asctime": "2026-02-17 12:33:31,372", "levelname": "INFO", "name": "inference", "message": "RequestID=d15b3e49-c4d1-452c-b79e-d2dbc09f53bd | Method=GET | Path=/metrics | Latency=0.80 ms | Status=200"}
{"asctime": "2026-02-17 12:33:32,840", "levelname": "INFO", "name": "inference", "message": "inference_event", "region": "yogyakarta", "model_version": "v1", "request_id": "a2e41b01-1cdb-44f1-b5d7-f32d129155c2", "predicted_price": 1678043.38}
{"asctime": "2026-02-17 12:33:32,841", "levelname": "INFO", "name": "inference", "message": "RequestID=a2e41b01-1cdb-44f1-b5d7-f32d129155c2 | Method=POST | Path=/predict/yogyakarta | Latency=44.97 ms | Status=200"}
{"asctime": "2026-02-17 12:33:37,719", "levelname": "INFO", "name": "inference", "message": "RequestID=8659e9aa-f597-4953-bcd8-6b9db4cc9cd3 | Method=GET | Path=/prometheus-metrics | Latency=2.12 ms | Status=200"}
{"asctime": "2026-02-17 12:33:46,372", "levelname": "INFO", "name": "inference", "message": "RequestID=4a5e9273-ba77-423a-9f36-5402de7779cd | Method=GET | Path=/metrics | Latency=1.21 ms | Status=200"}
{"asctime": "2026-02-17 12:34:01,375", "levelname": "INFO", "name": "inference", "message": "RequestID=a16cfd71-af26-43c7-a3e7-348add512574 | Method=GET | Path=/metrics | Latency=0.98 ms | Status=200"}
{"asctime": "2026-02-17 12:34:16,373", "levelname": "INFO", "name": "inference", "message": "RequestID=f1962318-5993-4b38-8192-6ddf19f12298 | Method=GET | Path=/metrics | Latency=0.55 ms | Status=200"}
{"asctime": "2026-02-17 12:34:31,375", "levelname": "INFO", "name": "inference", "message": "RequestID=a7c54a96-e4fd-4605-b9fc-7193fdafd527 | Method=GET | Path=/metrics | Latency=0.73 ms | Status=200"}
{"asctime": "2026-02-17 12:34:46,378", "levelname": "INFO", "name": "inference", "message": "RequestID=b7116384-956c-4b24-b711-e721f7acf680 | Method=GET | Path=/metrics | Latency=1.29 ms | Status=200"}
{"asctime": "2026-02-17 12:35:01,377", "levelname": "INFO", "name": "inference", "message": "RequestID=5bcac3ff-c0fc-4a6a-9d55-8aaa32b048b5 | Method=GET | Path=/metrics | Latency=0.67 ms | Status=200"}
{"asctime": "2026-02-17 12:35:16,377", "levelname": "INFO", "name": "inference", "message": "RequestID=3c9cfa6a-4732-4e4b-9be0-64b58d16da0d | Method=GET | Path=/metrics | Latency=1.21 ms | Status=200"}
{"asctime": "2026-02-17 12:39:51,316", "levelname": "INFO", "name": "inference", "message": "RequestID=2487c541-a98c-4295-ab17-42c5c9929338 | Method=GET | Path=/ | Latency=0.75 ms | Status=404"}
{"asctime": "2026-02-17 12:39:53,935", "levelname": "INFO", "name": "inference", "message": "RequestID=97f31a26-1bb0-40aa-85c2-008be3ccd02f | Method=GET | Path=/docs | Latency=0.37 ms | Status=200"}
{"asctime": "2026-02-17 12:39:54,036", "levelname": "INFO", "name": "inference", "message": "RequestID=ec566518-1eb6-4d33-86da-22a8d79bcd31 | Method=GET | Path=/openapi.json | Latency=30.86 ms | Status=200"}
{"asctime": "2026-02-17 12:40:01,385", "levelname": "INFO", "name": "inference", "message": "RequestID=09c5ea8d-a63a-4b20-a54d-0c2ecffd3cf2 | Method=GET | Path=/metrics | Latency=10.84 ms | Status=200"}
{"asctime": "2026-02-17 12:40:16,374", "levelname": "INFO", "name": "inference", "message": "RequestID=c9e7dbd0-a500-4c9a-8470-1d6242a9b373 | Method=GET | Path=/metrics | Latency=1.08 ms | Status=200"}
{"asctime": "2026-02-17 12:40:31,376", "levelname": "INFO", "name": "inference", "message": "RequestID=4dec8b4c-2119-4e33-8d00-022bfe9b31fd | Method=GET | Path=/metrics | Latency=0.93 ms | Status=200"}
{"asctime": "2026-02-17 12:40:33,026", "levelname": "INFO", "name": "inference", "message": "inference_event", "region": "jakarta_pusat", "model_version": "v1", "request_id": "c8573fbb-e879-4ce4-9a57-225ab70cb791", "predicted_price": 4586840.49}
{"asctime": "2026-02-17 12:40:33,029", "levelname": "INFO", "name": "inference", "message": "RequestID=c8573fbb-e879-4ce4-9a57-225ab70cb791 | Method=POST | Path=/predict/jakarta_pusat | Latency=77.76 ms | Status=200"}
{"asctime": "2026-02-17 12:40:39,064", "levelname": "INFO", "name": "inference", "message": "inference_event", "region": "jakarta_utara", "model_version": "v1", "request_id": "dc0f7251-19a6-4885-8ddf-ebf79c53c6c5", "predicted_price": 2521077.15}
{"asctime": "2026-02-17 12:40:39,066", "levelname": "INFO", "name": "inference", "message": "RequestID=dc0f7251-19a6-4885-8ddf-ebf79c53c6c5 | Method=POST | Path=/predict/jakarta_utara | Latency=16.39 ms | Status=200"}
{"asctime": "2026-02-17 12:40:44,536", "levelname": "WARNING", "name": "error", "message": "http_exception", "path": "/predict/yogyaarta", "method": "POST", "status_code": 404, "detail": "Region not found", "request_id": "44b3cfd6-9c3f-413f-98d4-874ff4c85362"}
{"asctime": "2026-02-17 12:40:44,536", "levelname": "INFO", "name": "inference", "message": "RequestID=44b3cfd6-9c3f-413f-98d4-874ff4c85362 | Method=POST | Path=/predict/yogyaarta | Latency=2.32 ms | Status=404"}
{"asctime": "2026-02-17 12:40:46,374", "levelname": "INFO", "name": "inference", "message": "RequestID=177773cd-4c2f-464d-a9ad-ee0483478935 | Method=GET | Path=/metrics | Latency=1.80 ms | Status=200"}
{"asctime": "2026-02-17 12:40:48,394", "levelname": "INFO", "name": "inference", "message": "inference_event", "region": "yogyakarta", "model_version": "v1", "request_id": "471b39c3-35a8-4948-8e34-f326a06cd999", "predicted_price": 2028140.14}
{"asctime": "2026-02-17 12:40:48,396", "levelname": "INFO", "name": "inference", "message": "RequestID=471b39c3-35a8-4948-8e34-f326a06cd999 | Method=POST | Path=/predict/yogyakarta | Latency=49.52 ms | Status=200"}
{"asctime": "2026-02-17 12:40:53,350", "levelname": "INFO", "name": "inference", "message": "inference_event", "region": "yogyakarta", "model_version": "v1", "request_id": "d684ee36-8bf0-4153-ad75-123601347204", "predicted_price": 1302577.02}
{"asctime": "2026-02-17 12:40:53,352", "levelname": "INFO", "name": "inference", "message": "RequestID=d684ee36-8bf0-4153-ad75-123601347204 | Method=POST | Path=/predict/yogyakarta | Latency=52.87 ms | Status=200"}
{"asctime": "2026-02-17 12:40:59,559", "levelname": "INFO", "name": "inference", "message": "RequestID=16677040-4d78-4da3-aefa-0fe7b504a6da | Method=GET | Path=/internal-metrics | Latency=3.16 ms | Status=200"}
{"asctime": "2026-02-17 12:41:01,374", "levelname": "INFO", "name": "inference", "message": "RequestID=76fb2dd7-ce8a-47f2-a757-2b08ef835c2d | Method=GET | Path=/metrics | Latency=3.05 ms | Status=200"}
{"asctime": "2026-02-17 12:41:09,005", "levelname": "INFO", "name": "inference", "message": "RequestID=9058d5b0-5f6a-496d-8cea-b2d1e436520b | Method=GET | Path=/health | Latency=1.58 ms | Status=200"}
{"asctime": "2026-02-17 12:41:16,377", "levelname": "INFO", "name": "inference", "message": "RequestID=0faecf27-caaf-4209-9dca-783187e2b2bf | Method=GET | Path=/metrics | Latency=6.37 ms | Status=200"}
{"asctime": "2026-02-17 12:41:18,771", "levelname": "INFO", "name": "inference", "message": "RequestID=c0b8101f-6606-49bb-a948-263bbc133c0d | Method=GET | Path=/prediction-monitor/yogyakarta | Latency=2.66 ms | Status=200"}
{"asctime": "2026-02-17 12:41:31,382", "levelname": "INFO", "name": "inference", "message": "RequestID=f6263aa1-305f-48fc-bb38-132a05fc776b | Method=GET | Path=/metrics | Latency=2.12 ms | Status=200"}
{"asctime": "2026-02-17 12:41:31,409", "levelname": "INFO", "name": "inference", "message": "RequestID=03f7cf1c-1d71-440b-b8fe-6882b110f1ab | Method=GET | Path=/metrics | Latency=2.38 ms | Status=200"}
{"asctime": "2026-02-17 12:42:31,370", "levelname": "INFO", "name": "inference", "message": "RequestID=f150d2d0-0827-4869-aef6-6feee2596c89 | Method=GET | Path=/metrics | Latency=2.39 ms | Status=200"}
{"asctime": "2026-02-17 12:42:46,381", "levelname": "INFO", "name": "inference", "message": "RequestID=ff991488-fe27-4377-957e-96d708cf1069 | Method=GET | Path=/metrics | Latency=2.43 ms | Status=200"}
{"asctime": "2026-02-17 12:43:01,380", "levelname": "INFO", "name": "inference", "message": "RequestID=dc4bc9ca-907a-4eff-a595-e08288eff0fe | Method=GET | Path=/metrics | Latency=4.57 ms | Status=200"}
{"asctime": "2026-02-17 12:43:16,390", "levelname": "INFO", "name": "inference", "message": "RequestID=f0cbc0e6-406a-4fea-9eb8-f066a685f852 | Method=GET | Path=/metrics | Latency=3.16 ms | Status=200"}
{"asctime": "2026-02-17 12:43:31,375", "levelname": "INFO", "name": "inference", "message": "RequestID=c77691c4-ce8e-43b7-84fe-ffc622df33e9 | Method=GET | Path=/metrics | Latency=3.26 ms | Status=200"}
{"asctime": "2026-02-17 12:43:46,374", "levelname": "INFO", "name": "inference", "message": "RequestID=c5a2afa5-02c6-41e2-abbb-cf645fadef66 | Method=GET | Path=/metrics | Latency=2.66 ms | Status=200"}
{"asctime": "2026-02-17 12:44:41,164", "levelname": "INFO", "name": "inference", "message": "RequestID=fd65c040-1893-4db7-ace9-fff0e76ad6fe | Method=GET | Path=/ | Latency=0.46 ms | Status=404"}
{"asctime": "2026-02-17 12:44:43,594", "levelname": "INFO", "name": "inference", "message": "RequestID=038aa929-d6eb-4f89-b4e3-c15662434eab | Method=GET | Path=/docs | Latency=0.51 ms | Status=200"}
{"asctime": "2026-02-17 12:44:43,677", "levelname": "INFO", "name": "inference", "message": "RequestID=304dee46-30c7-4012-9283-7fe5182e9633 | Method=GET | Path=/openapi.json | Latency=21.67 ms | Status=200"}
{"asctime": "2026-02-17 12:44:46,387", "levelname": "INFO", "name": "inference", "message": "RequestID=935e5519-cd4b-4ebd-b6a8-b6616c8a9b58 | Method=GET | Path=/metrics | Latency=10.14 ms | Status=200"}
